Archive member included to satisfy reference by file (symbol)

c:/program files (x86)/gnu tools arm embedded/6 2017-q2-update/bin/../lib/gcc/arm-none-eabi/6.3.1/../../../../arm-none-eabi/lib/thumb/v7e-m/fpv4-sp/hard\libc_nano.a(lib_a-exit.o)
                              c:/program files (x86)/gnu tools arm embedded/6 2017-q2-update/bin/../lib/gcc/arm-none-eabi/6.3.1/../../../../arm-none-eabi/lib/thumb/v7e-m/fpv4-sp/hard/crt0.o (exit)
c:/program files (x86)/gnu tools arm embedded/6 2017-q2-update/bin/../lib/gcc/arm-none-eabi/6.3.1/../../../../arm-none-eabi/lib/thumb/v7e-m/fpv4-sp/hard\libc_nano.a(lib_a-impure.o)
                              c:/program files (x86)/gnu tools arm embedded/6 2017-q2-update/bin/../lib/gcc/arm-none-eabi/6.3.1/../../../../arm-none-eabi/lib/thumb/v7e-m/fpv4-sp/hard\libc_nano.a(lib_a-exit.o) (_global_impure_ptr)
c:/program files (x86)/gnu tools arm embedded/6 2017-q2-update/bin/../lib/gcc/arm-none-eabi/6.3.1/../../../../arm-none-eabi/lib/thumb/v7e-m/fpv4-sp/hard\libc_nano.a(lib_a-init.o)
                              c:/program files (x86)/gnu tools arm embedded/6 2017-q2-update/bin/../lib/gcc/arm-none-eabi/6.3.1/../../../../arm-none-eabi/lib/thumb/v7e-m/fpv4-sp/hard/crt0.o (__libc_init_array)
c:/program files (x86)/gnu tools arm embedded/6 2017-q2-update/bin/../lib/gcc/arm-none-eabi/6.3.1/../../../../arm-none-eabi/lib/thumb/v7e-m/fpv4-sp/hard\libc_nano.a(lib_a-memcpy-stub.o)
                              _build/nrf52832_xxaa/main.c.o (memcpy)
c:/program files (x86)/gnu tools arm embedded/6 2017-q2-update/bin/../lib/gcc/arm-none-eabi/6.3.1/../../../../arm-none-eabi/lib/thumb/v7e-m/fpv4-sp/hard\libc_nano.a(lib_a-memset.o)
                              c:/program files (x86)/gnu tools arm embedded/6 2017-q2-update/bin/../lib/gcc/arm-none-eabi/6.3.1/../../../../arm-none-eabi/lib/thumb/v7e-m/fpv4-sp/hard/crt0.o (memset)
c:/program files (x86)/gnu tools arm embedded/6 2017-q2-update/bin/../lib/gcc/arm-none-eabi/6.3.1/../../../../arm-none-eabi/lib/thumb/v7e-m/fpv4-sp/hard\libc_nano.a(lib_a-nano-vfprintf_float.o)
                              _build/nrf52832_xxaa/mesh.c.o (_printf_float)
c:/program files (x86)/gnu tools arm embedded/6 2017-q2-update/bin/../lib/gcc/arm-none-eabi/6.3.1/../../../../arm-none-eabi/lib/thumb/v7e-m/fpv4-sp/hard\libc_nano.a(lib_a-nano-vfprintf_i.o)
                              c:/program files (x86)/gnu tools arm embedded/6 2017-q2-update/bin/../lib/gcc/arm-none-eabi/6.3.1/../../../../arm-none-eabi/lib/thumb/v7e-m/fpv4-sp/hard\libc_nano.a(lib_a-nano-vfprintf_float.o) (_printf_common)
c:/program files (x86)/gnu tools arm embedded/6 2017-q2-update/bin/../lib/gcc/arm-none-eabi/6.3.1/../../../../arm-none-eabi/lib/thumb/v7e-m/fpv4-sp/hard\libc_nano.a(lib_a-sprintf.o)
                              _build/nrf52832_xxaa/main.c.o (sprintf)
c:/program files (x86)/gnu tools arm embedded/6 2017-q2-update/bin/../lib/gcc/arm-none-eabi/6.3.1/../../../../arm-none-eabi/lib/thumb/v7e-m/fpv4-sp/hard\libc_nano.a(lib_a-strlen.o)
                              _build/nrf52832_xxaa/mesh.c.o (strlen)
c:/program files (x86)/gnu tools arm embedded/6 2017-q2-update/bin/../lib/gcc/arm-none-eabi/6.3.1/../../../../arm-none-eabi/lib/thumb/v7e-m/fpv4-sp/hard\libc_nano.a(lib_a-dtoa.o)
                              c:/program files (x86)/gnu tools arm embedded/6 2017-q2-update/bin/../lib/gcc/arm-none-eabi/6.3.1/../../../../arm-none-eabi/lib/thumb/v7e-m/fpv4-sp/hard\libc_nano.a(lib_a-nano-vfprintf_float.o) (_dtoa_r)
c:/program files (x86)/gnu tools arm embedded/6 2017-q2-update/bin/../lib/gcc/arm-none-eabi/6.3.1/../../../../arm-none-eabi/lib/thumb/v7e-m/fpv4-sp/hard\libc_nano.a(lib_a-localeconv.o)
                              c:/program files (x86)/gnu tools arm embedded/6 2017-q2-update/bin/../lib/gcc/arm-none-eabi/6.3.1/../../../../arm-none-eabi/lib/thumb/v7e-m/fpv4-sp/hard\libc_nano.a(lib_a-nano-vfprintf_float.o) (_localeconv_r)
c:/program files (x86)/gnu tools arm embedded/6 2017-q2-update/bin/../lib/gcc/arm-none-eabi/6.3.1/../../../../arm-none-eabi/lib/thumb/v7e-m/fpv4-sp/hard\libc_nano.a(lib_a-malloc.o)
                              c:/program files (x86)/gnu tools arm embedded/6 2017-q2-update/bin/../lib/gcc/arm-none-eabi/6.3.1/../../../../arm-none-eabi/lib/thumb/v7e-m/fpv4-sp/hard\libc_nano.a(lib_a-dtoa.o) (malloc)
c:/program files (x86)/gnu tools arm embedded/6 2017-q2-update/bin/../lib/gcc/arm-none-eabi/6.3.1/../../../../arm-none-eabi/lib/thumb/v7e-m/fpv4-sp/hard\libc_nano.a(lib_a-memchr.o)
                              c:/program files (x86)/gnu tools arm embedded/6 2017-q2-update/bin/../lib/gcc/arm-none-eabi/6.3.1/../../../../arm-none-eabi/lib/thumb/v7e-m/fpv4-sp/hard\libc_nano.a(lib_a-nano-vfprintf_i.o) (memchr)
c:/program files (x86)/gnu tools arm embedded/6 2017-q2-update/bin/../lib/gcc/arm-none-eabi/6.3.1/../../../../arm-none-eabi/lib/thumb/v7e-m/fpv4-sp/hard\libc_nano.a(lib_a-mprec.o)
[...]
Memory Configuration

Name             Origin             Length             Attributes
FLASH            0x00000000         0x00080000         xr
RAM              0x20000000         0x00010000         xrw
*default*        0x00000000         0xffffffff

Linker script and memory map


.text           0x00000000     0xb484
 *(.isr_vector)
 .isr_vector    0x00000000      0x200 _build/nrf52832_xxaa/gcc_startup_nrf52.S.o
                0x00000000                __isr_vector
 *(.text*)
 .text          0x00000200       0x6c c:/program files (x86)/gnu tools arm embedded/6 2017-q2-update/bin/../lib/gcc/arm-none-eabi/6.3.1/thumb/v7e-m/fpv4-sp/hard/crtbegin.o
 .text          0x0000026c       0x74 c:/program files (x86)/gnu tools arm embedded/6 2017-q2-update/bin/../lib/gcc/arm-none-eabi/6.3.1/../../../../arm-none-eabi/lib/thumb/v7e-m/fpv4-sp/hard/crt0.o
                0x0000026c                _start
                0x0000026c                _mainCRTStartup
 .text.nrfx_coredep_delay_us
                0x000002e0       0x30 _build/nrf52832_xxaa/main.c.o
 .text.nrf_delay_ms
                0x00000310       0x2c _build/nrf52832_xxaa/main.c.o
 .text.nrf_gpio_pin_port_decode
                0x0000033c       0x18 _build/nrf52832_xxaa/main.c.o
 .text.nrf_gpio_cfg
                0x00000354       0x52 _build/nrf52832_xxaa/main.c.o
 .text.nrf_gpio_cfg_output
                0x000003a6       0x24 _build/nrf52832_xxaa/main.c.o
 .text.nrf_gpio_pin_set
                0x000003ca       0x2a _build/nrf52832_xxaa/main.c.o
 .text.nrf_gpio_pin_clear
                0x000003f4       0x2a _build/nrf52832_xxaa/main.c.o
 .text.nrf_gpio_port_out_set
                0x0000041e       0x1e _build/nrf52832_xxaa/main.c.o
 .text.nrf_gpio_port_out_clear
                0x0000043c       0x1e _build/nrf52832_xxaa/main.c.o
 *fill*         0x0000045a        0x2 
 .text.rf_mesh_handler
                0x0000045c       0x84 _build/nrf52832_xxaa/main.c.o
                0x0000045c                rf_mesh_handler
 .text.app_serial_handler
                0x000004e0       0x3c _build/nrf52832_xxaa/main.c.o
                0x000004e0                app_serial_handler
 .text.mesh_cmd_response
                0x0000051c       0x48 _build/nrf52832_xxaa/main.c.o
                0x0000051c                mesh_cmd_response
 .text.main     0x00000564      0x188 _build/nrf52832_xxaa/main.c.o
                0x00000564                main
 .text.clocks_start
                0x000006ec       0x3c _build/nrf52832_xxaa/clocks.c.o
                0x000006ec                clocks_start
 .text.window_get_payload
                0x00000728       0x2c _build/nrf52832_xxaa/mesh.c.o
                0x00000728                window_get_payload
 .text.is_matching_msg_ack
                0x00000754       0x4c _build/nrf52832_xxaa/mesh.c.o
                0x00000754                is_matching_msg_ack
 .text.window_remove_payload
                0x000007a0       0x7c _build/nrf52832_xxaa/mesh.c.o
                0x000007a0                window_remove_payload
 .text.mesh_channel
                0x0000081c       0x10 _build/nrf52832_xxaa/mesh.c.o
                0x0000081c                mesh_channel
 .text.mesh_get_channel
                0x0000082c       0x1c _build/nrf52832_xxaa/mesh.c.o
                0x0000082c                mesh_get_channel
 .text.mesh_set_crc
                0x00000848       0x68 _build/nrf52832_xxaa/mesh.c.o
                0x00000848                mesh_set_crc
 .text.mesh_get_crc
                0x000008b0       0x1c _build/nrf52832_xxaa/mesh.c.o
                0x000008b0                mesh_get_crc
 .text.mesh_pre_tx
                0x000008cc        0xc _build/nrf52832_xxaa/mesh.c.o
                0x000008cc                mesh_pre_tx
 .text.mesh_post_tx
                0x000008d8        0xc _build/nrf52832_xxaa/mesh.c.o
                0x000008d8                mesh_post_tx
 .text.mesh_message_2_esb_payload
                0x000008e4       0x9e _build/nrf52832_xxaa/mesh.c.o
                0x000008e4                mesh_message_2_esb_payload
 .text.mesh_esb_2_message_payload
                0x00000982       0xb2 _build/nrf52832_xxaa/mesh.c.o
                0x00000982                mesh_esb_2_message_payload
 .text.mesh_rx_handler
                0x00000a34       0x6c _build/nrf52832_xxaa/mesh.c.o
                0x00000a34                mesh_rx_handler
 .text.mesh_consume_rx_messages
                0x00000aa0       0x2c _build/nrf52832_xxaa/mesh.c.o
                0x00000aa0                mesh_consume_rx_messages
 .text.nrf_esb_event_handler
                0x00000acc       0x54 _build/nrf52832_xxaa/mesh.c.o
                0x00000acc                nrf_esb_event_handler
 .text.mesh_init
                0x00000b20      0x12c _build/nrf52832_xxaa/mesh.c.o
                0x00000b20                mesh_init
 .text.mesh_wait_tx
                0x00000c4c       0x24 _build/nrf52832_xxaa/mesh.c.o
                0x00000c4c                mesh_wait_tx
 .text.mesh_tx_raw
                0x00000c70       0x58 _build/nrf52832_xxaa/mesh.c.o
                0x00000c70                mesh_tx_raw
 .text.mesh_tx_message
                0x00000cc8       0x38 _build/nrf52832_xxaa/mesh.c.o
                0x00000cc8                mesh_tx_message
 .text.mesh_tx_ack
                0x00000d00       0x40 _build/nrf52832_xxaa/mesh.c.o
                0x00000d00                mesh_tx_ack
 .text.alive_add_rtx_info
                0x00000d40       0x68 _build/nrf52832_xxaa/mesh.c.o
                0x00000d40                alive_add_rtx_info
 .text.mesh_forward_message
                0x00000da8       0x58 _build/nrf52832_xxaa/mesh.c.o
                0x00000da8                mesh_forward_message
 .text.mesh_tx_pid
                0x00000e00       0x2e _build/nrf52832_xxaa/mesh.c.o
                0x00000e00                mesh_tx_pid
 .text.mesh_tx_reset
                0x00000e2e        0xe _build/nrf52832_xxaa/mesh.c.o
                0x00000e2e                mesh_tx_reset
 .text.mesh_response_data
                0x00000e3c       0x48 _build/nrf52832_xxaa/mesh.c.o
                0x00000e3c                mesh_response_data
 .text.rx_alive
                0x00000e84      0x19c _build/nrf52832_xxaa/mesh.c.o
                0x00000e84                rx_alive
 .text.rx_env   0x00001020      0x22c _build/nrf52832_xxaa/mesh.c.o
                0x00001020                rx_env
 .text.rx_iaq   0x0000124c      0x2ac _build/nrf52832_xxaa/mesh.c.o
                0x0000124c                rx_iaq
 .text.rx_motion
                0x000014f8      0x26c _build/nrf52832_xxaa/mesh.c.o
                0x000014f8                rx_motion
 .text.rx_range
                0x00001764       0xb4 _build/nrf52832_xxaa/mesh.c.o
                0x00001764                rx_range
 .text.rx_battery
                0x00001818       0x80 _build/nrf52832_xxaa/mesh.c.o
                0x00001818                rx_battery
 .text.rx_text  0x00001898       0x24 _build/nrf52832_xxaa/mesh.c.o
                0x00001898                rx_text
 .text.mesh_parse
                0x000018bc      0x1fc _build/nrf52832_xxaa/mesh.c.o
                0x000018bc                mesh_parse
 .text.cmd_parse_response
                0x00001ab8      0x118 _build/nrf52832_xxaa/mesh_cmd.c.o
                0x00001ab8                cmd_parse_response
 .text.mesh_execute_cmd
                0x00001bd0      0x16c _build/nrf52832_xxaa/mesh_cmd.c.o
                0x00001bd0                mesh_execute_cmd
 .text.mesh_text_request
                0x00001d3c       0xc4 _build/nrf52832_xxaa/mesh_cmd.c.o
                0x00001d3c                mesh_text_request
 .text.nrf_mtx_init
                0x00001e00       0x1e _build/nrf52832_xxaa/app_ser.c.o
 .text.nrf_mtx_trylock
                0x00001e1e       0x2a _build/nrf52832_xxaa/app_ser.c.o
 .text.nrf_mtx_unlock
                0x00001e48       0x1e _build/nrf52832_xxaa/app_ser.c.o
 .text.sleep_handler
                0x00001e66       0x14 _build/nrf52832_xxaa/app_ser.c.o
 *fill*         0x00001e7a        0x2 
 .text.serial_rx_handler
                0x00001e7c       0x84 _build/nrf52832_xxaa/app_ser.c.o
                0x00001e7c                serial_rx_handler
 .text.ser_event_handler
                0x00001f00       0xc4 _build/nrf52832_xxaa/app_ser.c.o
 .text.ser_init
                0x00001fc4       0x4c _build/nrf52832_xxaa/app_ser.c.o
                0x00001fc4                ser_init
 .text.ser_send
                0x00002010       0x78 _build/nrf52832_xxaa/app_ser.c.o
                0x00002010                ser_send
 .text.get_this_node_id
                0x00002088       0x10 _build/nrf52832_xxaa/utils.c.o
                0x00002088                get_this_node_id
 .text.sprint_buf
                0x00002098       0x78 _build/nrf52832_xxaa/utils.c.o
                0x00002098                sprint_buf
 .text.strbegins
                0x00002110       0x4a _build/nrf52832_xxaa/utils.c.o
                0x00002110                strbegins
 .text.get_hex_char
                0x0000215a       0x44 _build/nrf52832_xxaa/utils.c.o
                0x0000215a                get_hex_char
 .text.get_hex  0x0000219e       0x3c _build/nrf52832_xxaa/utils.c.o
                0x0000219e                get_hex
 .text.text2bin
                0x000021da       0x8c _build/nrf52832_xxaa/utils.c.o
                0x000021da                text2bin
 .text.nrf_atomic_u32_fetch_store
                0x00002266       0x30 _build/nrf52832_xxaa/nrf_atomic.c.o
                0x00002266                nrf_atomic_u32_fetch_store
 .text.nrf_queue_next_idx
                0x00002296       0x28 _build/nrf52832_xxaa/nrf_queue.c.o
 .text.queue_utilization_get
                0x000022be       0x42 _build/nrf52832_xxaa/nrf_queue.c.o
 .text.queue_write
                0x00002300      0x104 _build/nrf52832_xxaa/nrf_queue.c.o
 .text.nrf_queue_in
                0x00002404       0x66 _build/nrf52832_xxaa/nrf_queue.c.o
                0x00002404                nrf_queue_in
 .text.queue_read
                0x0000246a       0xd2 _build/nrf52832_xxaa/nrf_queue.c.o
 .text.nrf_queue_out
                0x0000253c       0x4e _build/nrf52832_xxaa/nrf_queue.c.o
                0x0000253c                nrf_queue_out
 .text.nrf_queue_reset
                0x0000258a       0x2a _build/nrf52832_xxaa/nrf_queue.c.o
                0x0000258a                nrf_queue_reset
 .text.nrf_queue_utilization_get
                0x000025b4       0x26 _build/nrf52832_xxaa/nrf_queue.c.o
                0x000025b4                nrf_queue_utilization_get
 .text.nrf_queue_available_get
                0x000025da       0x1e _build/nrf52832_xxaa/nrf_queue.c.o
                0x000025da                nrf_queue_available_get
 .text.nrfx_is_in_ram
                0x000025f8       0x26 _build/nrf52832_xxaa/nrf_serial.c.o
 *fill*         0x0000261e        0x2 
 .text.nrf_drv_uart_uninit
                0x00002620       0x48 _build/nrf52832_xxaa/nrf_serial.c.o
 .text.nrf_drv_uart_tx
                0x00002668       0x60 _build/nrf52832_xxaa/nrf_serial.c.o
 .text.nrf_drv_uart_tx_in_progress
                0x000026c8       0x54 _build/nrf52832_xxaa/nrf_serial.c.o
 .text.nrf_drv_uart_rx
                0x0000271c       0x60 _build/nrf52832_xxaa/nrf_serial.c.o
 .text.nrf_drv_uart_rx_ready
                0x0000277c       0x54 _build/nrf52832_xxaa/nrf_serial.c.o
 .text.nrf_drv_uart_rx_enable
                0x000027d0       0x3c _build/nrf52832_xxaa/nrf_serial.c.o
 .text.nrf_drv_uart_rx_abort
                0x0000280c       0x48 _build/nrf52832_xxaa/nrf_serial.c.o
 .text.nrf_mtx_init
                0x00002854       0x1e _build/nrf52832_xxaa/nrf_serial.c.o
 .text.nrf_mtx_trylock
                0x00002872       0x2a _build/nrf52832_xxaa/nrf_serial.c.o
 .text.nrf_mtx_unlock
                0x0000289c       0x1e _build/nrf52832_xxaa/nrf_serial.c.o
 .text.event_handler
                0x000028ba       0x30 _build/nrf52832_xxaa/nrf_serial.c.o
 .text.sleep_handler
                0x000028ea       0x34 _build/nrf52832_xxaa/nrf_serial.c.o
 .text.serial_rx
                0x0000291e       0x88 _build/nrf52832_xxaa/nrf_serial.c.o
 .text.serial_tx
                0x000029a6       0x9c _build/nrf52832_xxaa/nrf_serial.c.o
 .text.uart_event_handler
                0x00002a42       0xd8 _build/nrf52832_xxaa/nrf_serial.c.o
 *fill*         0x00002b1a        0x2 
 .text.nrf_serial_init
                0x00002b1c      0x140 _build/nrf52832_xxaa/nrf_serial.c.o
                0x00002b1c                nrf_serial_init
 .text.nrf_serial_uninit
                0x00002c5c       0xa6 _build/nrf52832_xxaa/nrf_serial.c.o
                0x00002c5c                nrf_serial_uninit
 .text.serial_timeout_handler
                0x00002d02       0x1e _build/nrf52832_xxaa/nrf_serial.c.o
 .text.timeout_setup
                0x00002d20       0x7c _build/nrf52832_xxaa/nrf_serial.c.o
 .text.nrf_serial_write
                0x00002d9c      0x146 _build/nrf52832_xxaa/nrf_serial.c.o
                0x00002d9c                nrf_serial_write
 .text.nrf_serial_read
                0x00002ee2      0x138 _build/nrf52832_xxaa/nrf_serial.c.o
                0x00002ee2                nrf_serial_read
 .text.nrf_serial_rx_drain
                0x0000301a       0x8e _build/nrf52832_xxaa/nrf_serial.c.o
                0x0000301a                nrf_serial_rx_drain
 .text.NVIC_EnableIRQ
                0x000030a8       0x34 _build/nrf52832_xxaa/app_timer.c.o
 .text.NVIC_DisableIRQ
                0x000030dc       0x34 _build/nrf52832_xxaa/app_timer.c.o
 .text.NVIC_SetPendingIRQ
                0x00003110       0x34 _build/nrf52832_xxaa/app_timer.c.o
 .text.NVIC_ClearPendingIRQ
                0x00003144       0x34 _build/nrf52832_xxaa/app_timer.c.o
 .text.nrfx_coredep_delay_us
                0x00003178       0x30 _build/nrf52832_xxaa/app_timer.c.o
 .text.rtc1_start
                0x000031a8       0x44 _build/nrf52832_xxaa/app_timer.c.o
 .text.rtc1_stop
                0x000031ec       0x54 _build/nrf52832_xxaa/app_timer.c.o
 .text.rtc1_counter_get
                0x00003240       0x18 _build/nrf52832_xxaa/app_timer.c.o
 .text.ticks_diff_get
                0x00003258       0x20 _build/nrf52832_xxaa/app_timer.c.o
 .text.rtc1_compare0_set
                0x00003278       0x20 _build/nrf52832_xxaa/app_timer.c.o
 .text.timer_list_insert
                0x00003298       0xb4 _build/nrf52832_xxaa/app_timer.c.o
 .text.timer_list_remove
                0x0000334c       0xc0 _build/nrf52832_xxaa/app_timer.c.o
 .text.timer_timeouts_check_sched
                0x0000340c        0xe _build/nrf52832_xxaa/app_timer.c.o
 .text.timer_list_handler_sched
                0x0000341a        0xe _build/nrf52832_xxaa/app_timer.c.o
 .text.timeout_handler_exec
                0x00003428       0x1c _build/nrf52832_xxaa/app_timer.c.o
 .text.timer_timeouts_check
                0x00003444       0xc8 _build/nrf52832_xxaa/app_timer.c.o
 .text.elapsed_ticks_acquire
                0x0000350c       0x80 _build/nrf52832_xxaa/app_timer.c.o
 .text.expired_timers_handler
                0x0000358c       0x9c _build/nrf52832_xxaa/app_timer.c.o
 .text.list_insertions_handler
                0x00003628      0x1b8 _build/nrf52832_xxaa/app_timer.c.o
 .text.compare_reg_update
                0x000037e0       0xb4 _build/nrf52832_xxaa/app_timer.c.o
 .text.timer_list_handler
                0x00003894       0x74 _build/nrf52832_xxaa/app_timer.c.o
 .text.user_op_enque
                0x00003908       0x20 _build/nrf52832_xxaa/app_timer.c.o
 .text.user_op_alloc
                0x00003928       0x5c _build/nrf52832_xxaa/app_timer.c.o
 .text.timer_start_op_schedule
                0x00003984       0x7a _build/nrf52832_xxaa/app_timer.c.o
 .text.timer_stop_op_schedule
                0x000039fe       0x5c _build/nrf52832_xxaa/app_timer.c.o
 *fill*         0x00003a5a        0x2 
 .text.RTC1_IRQHandler
                0x00003a5c       0x40 _build/nrf52832_xxaa/app_timer.c.o
                0x00003a5c                RTC1_IRQHandler
 .text.SWI1_EGU1_IRQHandler
                0x00003a9c        0xc _build/nrf52832_xxaa/app_timer.c.o
                0x00003a9c                SWI1_EGU1_IRQHandler
 .text.app_timer_create
                0x00003aa8       0x68 _build/nrf52832_xxaa/app_timer.c.o
                0x00003aa8                app_timer_create
 .text.app_timer_start
                0x00003b10       0x68 _build/nrf52832_xxaa/app_timer.c.o
                0x00003b10                app_timer_start
 .text.app_timer_stop
                0x00003b78       0x48 _build/nrf52832_xxaa/app_timer.c.o
                0x00003b78                app_timer_stop
 .text.app_error_handler_bare
                0x00003bc0       0x2c _build/nrf52832_xxaa/app_error.c.o
                0x00003bc0                app_error_handler_bare
 .text.NVIC_SystemReset
                0x00003bec       0x28 _build/nrf52832_xxaa/app_error_weak.c.o
 .text.app_error_fault_handler
                0x00003c14       0x2c _build/nrf52832_xxaa/app_error_weak.c.o
                0x00003c14                app_error_fault_handler
 .text.app_util_disable_irq
                0x00003c40       0x20 _build/nrf52832_xxaa/app_util_platform.c.o
                0x00003c40                app_util_disable_irq
 .text.app_util_enable_irq
                0x00003c60       0x28 _build/nrf52832_xxaa/app_util_platform.c.o
                0x00003c60                app_util_enable_irq
 .text.app_util_critical_region_enter
                0x00003c88       0x14 _build/nrf52832_xxaa/app_util_platform.c.o
                0x00003c88                app_util_critical_region_enter
 .text.app_util_critical_region_exit
                0x00003c9c       0x16 _build/nrf52832_xxaa/app_util_platform.c.o
                0x00003c9c                app_util_critical_region_exit
 *fill*         0x00003cb2        0x2 
 .text.NVIC_EnableIRQ
                0x00003cb4       0x34 _build/nrf52832_xxaa/nrf_esb.c.o
 .text.NVIC_DisableIRQ
                0x00003ce8       0x34 _build/nrf52832_xxaa/nrf_esb.c.o
 .text.NVIC_SetPendingIRQ
                0x00003d1c       0x34 _build/nrf52832_xxaa/nrf_esb.c.o
 .text.NVIC_ClearPendingIRQ
                0x00003d50       0x34 _build/nrf52832_xxaa/nrf_esb.c.o
 .text.NVIC_SetPriority
                0x00003d84       0x54 _build/nrf52832_xxaa/nrf_esb.c.o
 .text.bytewise_bit_swap
                0x00003dd8       0x30 _build/nrf52832_xxaa/nrf_esb.c.o
 .text.addr_conv
                0x00003e08       0x20 _build/nrf52832_xxaa/nrf_esb.c.o
 .text.apply_address_workarounds
                0x00003e28      0x148 _build/nrf52832_xxaa/nrf_esb.c.o
 .text.update_rf_payload_format_esb_dpl
                0x00003f70       0x38 _build/nrf52832_xxaa/nrf_esb.c.o
 .text.update_radio_addresses
                0x00003fa8       0x7c _build/nrf52832_xxaa/nrf_esb.c.o
 .text.update_radio_tx_power
                0x00004024       0x20 _build/nrf52832_xxaa/nrf_esb.c.o
 .text.update_radio_bitrate
                0x00004044       0x64 _build/nrf52832_xxaa/nrf_esb.c.o
 .text.update_radio_crc
                0x000040a8       0x68 _build/nrf52832_xxaa/nrf_esb.c.o
 .text.update_radio_parameters
                0x00004110       0x68 _build/nrf52832_xxaa/nrf_esb.c.o
 .text.reset_fifos
                0x00004178       0x40 _build/nrf52832_xxaa/nrf_esb.c.o
 .text.initialize_fifos
                0x000041b8       0x78 _build/nrf52832_xxaa/nrf_esb.c.o
 .text.tx_fifo_remove_last
                0x00004230       0x44 _build/nrf52832_xxaa/nrf_esb.c.o
 .text.rx_fifo_push_rfbuf
                0x00004274       0xb4 _build/nrf52832_xxaa/nrf_esb.c.o
 .text.sys_timer_init
                0x00004328       0x2c _build/nrf52832_xxaa/nrf_esb.c.o
 .text.ppi_init
                0x00004354       0x74 _build/nrf52832_xxaa/nrf_esb.c.o
 .text.start_tx_transaction
                0x000043c8       0xd0 _build/nrf52832_xxaa/nrf_esb.c.o
 .text.on_radio_disabled_tx_noack
                0x00004498       0x44 _build/nrf52832_xxaa/nrf_esb.c.o
 .text.clear_events_restart_rx
                0x000044dc       0x60 _build/nrf52832_xxaa/nrf_esb.c.o
 .text.on_radio_disabled_rx
                0x0000453c       0x5c _build/nrf52832_xxaa/nrf_esb.c.o
 .text.nrf_esb_get_clear_interrupts
                0x00004598       0x50 _build/nrf52832_xxaa/nrf_esb.c.o
 .text.RADIO_IRQHandler
                0x000045e8       0x90 _build/nrf52832_xxaa/nrf_esb.c.o
                0x000045e8                RADIO_IRQHandler
 .text.nrf_esb_init
                0x00004678      0x104 _build/nrf52832_xxaa/nrf_esb.c.o
                0x00004678                nrf_esb_init
 .text.nrf_esb_disable
                0x0000477c       0x38 _build/nrf52832_xxaa/nrf_esb.c.o
                0x0000477c                nrf_esb_disable
 .text.SWI0_EGU0_IRQHandler
                0x000047b4       0x80 _build/nrf52832_xxaa/nrf_esb.c.o
                0x000047b4                SWI0_EGU0_IRQHandler
 .text.nrf_esb_write_payload
                0x00004834       0xd4 _build/nrf52832_xxaa/nrf_esb.c.o
                0x00004834                nrf_esb_write_payload
 .text.nrf_esb_read_rx_payload
                0x00004908       0xb8 _build/nrf52832_xxaa/nrf_esb.c.o
                0x00004908                nrf_esb_read_rx_payload
 .text.nrf_esb_start_rx
                0x000049c0       0xac _build/nrf52832_xxaa/nrf_esb.c.o
                0x000049c0                nrf_esb_start_rx
 .text.nrf_esb_stop_rx
                0x00004a6c       0x64 _build/nrf52832_xxaa/nrf_esb.c.o
                0x00004a6c                nrf_esb_stop_rx
 .text.nrf_esb_flush_tx
                0x00004ad0       0x44 _build/nrf52832_xxaa/nrf_esb.c.o
                0x00004ad0                nrf_esb_flush_tx
 .text.nrf_esb_set_base_address_0
                0x00004b14       0x90 _build/nrf52832_xxaa/nrf_esb.c.o
                0x00004b14                nrf_esb_set_base_address_0
 .text.nrf_esb_set_base_address_1
                0x00004ba4       0xe8 _build/nrf52832_xxaa/nrf_esb.c.o
                0x00004ba4                nrf_esb_set_base_address_1
 .text.nrf_esb_set_prefixes
                0x00004c8c       0xf0 _build/nrf52832_xxaa/nrf_esb.c.o
                0x00004c8c                nrf_esb_set_prefixes
 .text.nrf_esb_set_rf_channel
                0x00004d7c       0x3c _build/nrf52832_xxaa/nrf_esb.c.o
                0x00004d7c                nrf_esb_set_rf_channel
 .text.TIMER3_IRQHandler
                0x00004db8       0x3c _build/nrf52832_xxaa/nrf_esb.c.o
                0x00004db8                TIMER3_IRQHandler
 .text.uarte_evt_handler
                0x00004df4       0x50 _build/nrf52832_xxaa/nrf_drv_uart.c.o
 .text.uart_evt_handler
                0x00004e44       0x50 _build/nrf52832_xxaa/nrf_drv_uart.c.o
 .text.nrf_drv_uart_init
                0x00004e94       0xcc _build/nrf52832_xxaa/nrf_drv_uart.c.o
                0x00004e94                nrf_drv_uart_init
 .text.nrf_clock_hf_is_running
                0x00004f60       0x32 _build/nrf52832_xxaa/nrf_drv_clock.c.o
 .text.nrfx_clock_hfclk_is_running
                0x00004f92       0x10 _build/nrf52832_xxaa/nrf_drv_clock.c.o
 .text.hfclk_start
                0x00004fa2        0xc _build/nrf52832_xxaa/nrf_drv_clock.c.o
 *fill*         0x00004fae        0x2 
 .text.nrf_drv_clock_init
                0x00004fb0       0x54 _build/nrf52832_xxaa/nrf_drv_clock.c.o
                0x00004fb0                nrf_drv_clock_init
 .text.item_enqueue
                0x00005004       0x42 _build/nrf52832_xxaa/nrf_drv_clock.c.o
 .text.item_dequeue
                0x00005046       0x2a _build/nrf52832_xxaa/nrf_drv_clock.c.o
 .text.nrf_drv_clock_hfclk_request
                0x00005070       0x78 _build/nrf52832_xxaa/nrf_drv_clock.c.o
                0x00005070                nrf_drv_clock_hfclk_request
 .text.nrf_drv_clock_hfclk_is_running
                0x000050e8        0xe _build/nrf52832_xxaa/nrf_drv_clock.c.o
                0x000050e8                nrf_drv_clock_hfclk_is_running
 *fill*         0x000050f6        0x2 
 .text.clock_clk_started_notify
                0x000050f8       0x48 _build/nrf52832_xxaa/nrf_drv_clock.c.o
 .text.clock_irq_handler
                0x00005140       0x3c _build/nrf52832_xxaa/nrf_drv_clock.c.o
 .text.NVIC_SystemReset
                0x0000517c       0x28 _build/nrf52832_xxaa/system_nrf52.c.o
 .text.SystemCoreClockUpdate
                0x000051a4       0x1c _build/nrf52832_xxaa/system_nrf52.c.o
                0x000051a4                SystemCoreClockUpdate
 .text.SystemInit
                0x000051c0      0x2d8 _build/nrf52832_xxaa/system_nrf52.c.o
                0x000051c0                SystemInit
 .text.errata_12
                0x00005498       0x64 _build/nrf52832_xxaa/system_nrf52.c.o
 .text.errata_16
                0x000054fc       0x44 _build/nrf52832_xxaa/system_nrf52.c.o
 .text.errata_31
                0x00005540       0x64 _build/nrf52832_xxaa/system_nrf52.c.o
 .text.errata_32
                0x000055a4       0x44 _build/nrf52832_xxaa/system_nrf52.c.o
 .text.errata_36
                0x000055e8       0x64 _build/nrf52832_xxaa/system_nrf52.c.o
 .text.errata_37
                0x0000564c       0x44 _build/nrf52832_xxaa/system_nrf52.c.o
 .text.errata_57
                0x00005690       0x44 _build/nrf52832_xxaa/system_nrf52.c.o
 .text.errata_66
                0x000056d4       0x44 _build/nrf52832_xxaa/system_nrf52.c.o
 .text.errata_108
                0x00005718       0x64 _build/nrf52832_xxaa/system_nrf52.c.o
 .text.errata_136
                0x0000577c       0x64 _build/nrf52832_xxaa/system_nrf52.c.o
 .text.errata_182
                0x000057e0       0x2c _build/nrf52832_xxaa/system_nrf52.c.o
 .text          0x0000580c       0x3c _build/nrf52832_xxaa/gcc_startup_nrf52.S.o
                0x0000580c                Reset_Handler
                0x00005834                NMI_Handler
                0x00005836                HardFault_Handler
                0x00005838                MemoryManagement_Handler
                0x0000583a                BusFault_Handler
                0x0000583c                UsageFault_Handler
                0x0000583e                SVC_Handler
                0x00005840                DebugMon_Handler
                0x00005842                PendSV_Handler
                0x00005844                SysTick_Handler
                0x00005846                TEMP_IRQHandler
                0x00005846                QDEC_IRQHandler
                0x00005846                FPU_IRQHandler
                0x00005846                SPIM0_SPIS0_TWIM0_TWIS0_SPI0_TWI0_IRQHandler
                0x00005846                PDM_IRQHandler
                0x00005846                TIMER4_IRQHandler
                0x00005846                I2S_IRQHandler
                0x00005846                SWI4_EGU4_IRQHandler
                0x00005846                SWI2_EGU2_IRQHandler
                0x00005846                PWM1_IRQHandler
                0x00005846                PWM2_IRQHandler
                0x00005846                ECB_IRQHandler
                0x00005846                SPIM1_SPIS1_TWIM1_TWIS1_SPI1_TWI1_IRQHandler
                0x00005846                Default_Handler
                0x00005846                CCM_AAR_IRQHandler
                0x00005846                WDT_IRQHandler
                0x00005846                GPIOTE_IRQHandler
                0x00005846                SWI5_EGU5_IRQHandler
                0x00005846                RNG_IRQHandler
                0x00005846                RTC2_IRQHandler
                0x00005846                PWM0_IRQHandler
                0x00005846                SWI3_EGU3_IRQHandler
                0x00005846                SPIM2_SPIS2_SPI2_IRQHandler
                0x00005846                NFCT_IRQHandler
                0x00005846                TIMER1_IRQHandler
                0x00005846                MWU_IRQHandler
                0x00005846                TIMER2_IRQHandler
                0x00005846                COMP_LPCOMP_IRQHandler
 .text.NVIC_EnableIRQ
                0x00005848       0x34 _build/nrf52832_xxaa/nrfx_uart.c.o
 .text.NVIC_DisableIRQ
                0x0000587c       0x34 _build/nrf52832_xxaa/nrfx_uart.c.o
 .text.NVIC_ClearPendingIRQ
                0x000058b0       0x34 _build/nrf52832_xxaa/nrfx_uart.c.o
 .text.NVIC_SetPriority
                0x000058e4       0x54 _build/nrf52832_xxaa/nrfx_uart.c.o
 .text.nrfx_get_irq_number
                0x00005938       0x1e _build/nrf52832_xxaa/nrfx_uart.c.o
 .text._NRFX_IRQ_PRIORITY_SET
                0x00005956       0x26 _build/nrf52832_xxaa/nrfx_uart.c.o
 .text._NRFX_IRQ_ENABLE
                0x0000597c       0x26 _build/nrf52832_xxaa/nrfx_uart.c.o
 .text._NRFX_IRQ_DISABLE
                0x000059a2       0x1c _build/nrf52832_xxaa/nrfx_uart.c.o
 .text.nrf_uart_event_clear
                0x000059be       0x2e _build/nrf52832_xxaa/nrfx_uart.c.o
 .text.nrf_uart_event_check
                0x000059ec       0x2a _build/nrf52832_xxaa/nrfx_uart.c.o
 .text.nrf_uart_int_enable
                0x00005a16       0x1e _build/nrf52832_xxaa/nrfx_uart.c.o
 .text.nrf_uart_int_enable_check
                0x00005a34       0x2a _build/nrf52832_xxaa/nrfx_uart.c.o
 .text.nrf_uart_int_disable
                0x00005a5e       0x1e _build/nrf52832_xxaa/nrfx_uart.c.o
 .text.nrf_uart_errorsrc_get_and_clear
                0x00005a7c       0x26 _build/nrf52832_xxaa/nrfx_uart.c.o
 .text.nrf_uart_enable
                0x00005aa2       0x1c _build/nrf52832_xxaa/nrfx_uart.c.o
 .text.nrf_uart_disable
                0x00005abe       0x1c _build/nrf52832_xxaa/nrfx_uart.c.o
 .text.nrf_uart_txrx_pins_set
                0x00005ada       0x28 _build/nrf52832_xxaa/nrfx_uart.c.o
 .text.nrf_uart_txrx_pins_disconnect
                0x00005b02       0x1e _build/nrf52832_xxaa/nrfx_uart.c.o
 .text.nrf_uart_tx_pin_get
                0x00005b20       0x1a _build/nrf52832_xxaa/nrfx_uart.c.o
 .text.nrf_uart_rx_pin_get
                0x00005b3a       0x1a _build/nrf52832_xxaa/nrfx_uart.c.o
 .text.nrf_uart_rts_pin_get
                0x00005b54       0x1a _build/nrf52832_xxaa/nrfx_uart.c.o
 .text.nrf_uart_cts_pin_get
                0x00005b6e       0x1a _build/nrf52832_xxaa/nrfx_uart.c.o
 .text.nrf_uart_hwfc_pins_set
                0x00005b88       0x28 _build/nrf52832_xxaa/nrfx_uart.c.o
 .text.nrf_uart_hwfc_pins_disconnect
                0x00005bb0       0x1e _build/nrf52832_xxaa/nrfx_uart.c.o
 .text.nrf_uart_rxd_get
                0x00005bce       0x1c _build/nrf52832_xxaa/nrfx_uart.c.o
 .text.nrf_uart_txd_set
                0x00005bea       0x20 _build/nrf52832_xxaa/nrfx_uart.c.o
 .text.nrf_uart_task_trigger
                0x00005c0a       0x22 _build/nrf52832_xxaa/nrfx_uart.c.o
 .text.nrf_uart_configure
                0x00005c2c       0x2c _build/nrf52832_xxaa/nrfx_uart.c.o
 .text.nrf_uart_baudrate_set
                0x00005c58       0x1e _build/nrf52832_xxaa/nrfx_uart.c.o
 .text.nrf_gpio_pin_port_decode
                0x00005c76       0x18 _build/nrf52832_xxaa/nrfx_uart.c.o
 .text.nrf_gpio_cfg
                0x00005c8e       0x52 _build/nrf52832_xxaa/nrfx_uart.c.o
 .text.nrf_gpio_cfg_output
                0x00005ce0       0x24 _build/nrf52832_xxaa/nrfx_uart.c.o
 .text.nrf_gpio_cfg_input
                0x00005d04       0x2a _build/nrf52832_xxaa/nrfx_uart.c.o
 .text.nrf_gpio_cfg_default
                0x00005d2e       0x24 _build/nrf52832_xxaa/nrfx_uart.c.o
 .text.nrf_gpio_pin_set
                0x00005d52       0x2a _build/nrf52832_xxaa/nrfx_uart.c.o
 .text.nrf_gpio_port_out_set
                0x00005d7c       0x1e _build/nrf52832_xxaa/nrfx_uart.c.o
 .text.apply_config
                0x00005d9a       0xc8 _build/nrf52832_xxaa/nrfx_uart.c.o
 *fill*         0x00005e62        0x2 
 .text.interrupts_enable
                0x00005e64       0x6c _build/nrf52832_xxaa/nrfx_uart.c.o
 .text.interrupts_disable
                0x00005ed0       0x34 _build/nrf52832_xxaa/nrfx_uart.c.o
 .text.pins_to_default
                0x00005f04       0x8c _build/nrf52832_xxaa/nrfx_uart.c.o
 .text.nrfx_uart_init
                0x00005f90       0xc4 _build/nrf52832_xxaa/nrfx_uart.c.o
                0x00005f90                nrfx_uart_init
 .text.nrfx_uart_uninit
                0x00006054       0x5c _build/nrf52832_xxaa/nrfx_uart.c.o
                0x00006054                nrfx_uart_uninit
 .text.tx_byte  0x000060b0       0x3e _build/nrf52832_xxaa/nrfx_uart.c.o
 .text.tx_blocking
                0x000060ee       0x50 _build/nrf52832_xxaa/nrfx_uart.c.o
 *fill*         0x0000613e        0x2 
 .text.nrfx_uart_tx
                0x00006140       0xd8 _build/nrf52832_xxaa/nrfx_uart.c.o
                0x00006140                nrfx_uart_tx
 .text.nrfx_uart_tx_in_progress
                0x00006218       0x38 _build/nrf52832_xxaa/nrfx_uart.c.o
                0x00006218                nrfx_uart_tx_in_progress
 .text.rx_enable
                0x00006250       0x38 _build/nrf52832_xxaa/nrfx_uart.c.o
 .text.rx_byte  0x00006288       0x52 _build/nrf52832_xxaa/nrfx_uart.c.o
 *fill*         0x000062da        0x2 
 .text.nrfx_uart_rx
                0x000062dc      0x1bc _build/nrf52832_xxaa/nrfx_uart.c.o
                0x000062dc                nrfx_uart_rx
 .text.nrfx_uart_rx_ready
                0x00006498       0x20 _build/nrf52832_xxaa/nrfx_uart.c.o
                0x00006498                nrfx_uart_rx_ready
 .text.nrfx_uart_rx_enable
                0x000064b8       0x50 _build/nrf52832_xxaa/nrfx_uart.c.o
                0x000064b8                nrfx_uart_rx_enable
 .text.rx_done_event
                0x00006508       0x30 _build/nrf52832_xxaa/nrfx_uart.c.o
 .text.tx_done_event
                0x00006538       0x36 _build/nrf52832_xxaa/nrfx_uart.c.o
 .text.nrfx_uart_rx_abort
                0x0000656e       0x2a _build/nrf52832_xxaa/nrfx_uart.c.o
                0x0000656e                nrfx_uart_rx_abort
 .text.uart_irq_handler
                0x00006598      0x1dc _build/nrf52832_xxaa/nrfx_uart.c.o
 .text.nrfx_uart_0_irq_handler
                0x00006774       0x18 _build/nrf52832_xxaa/nrfx_uart.c.o
                0x00006774                nrfx_uart_0_irq_handler
 .text.NVIC_EnableIRQ
                0x0000678c       0x34 _build/nrf52832_xxaa/nrfx_uarte.c.o
 .text.NVIC_DisableIRQ
                0x000067c0       0x34 _build/nrf52832_xxaa/nrfx_uarte.c.o
 .text.NVIC_ClearPendingIRQ
                0x000067f4       0x34 _build/nrf52832_xxaa/nrfx_uarte.c.o
 .text.NVIC_SetPriority
                0x00006828       0x54 _build/nrf52832_xxaa/nrfx_uarte.c.o
 .text.nrfx_is_in_ram
                0x0000687c       0x26 _build/nrf52832_xxaa/nrfx_uarte.c.o
 .text.nrfx_get_irq_number
                0x000068a2       0x1e _build/nrf52832_xxaa/nrfx_uarte.c.o
 .text._NRFX_IRQ_PRIORITY_SET
                0x000068c0       0x26 _build/nrf52832_xxaa/nrfx_uarte.c.o
 .text._NRFX_IRQ_ENABLE
                0x000068e6       0x26 _build/nrf52832_xxaa/nrfx_uarte.c.o
 .text._NRFX_IRQ_DISABLE
                0x0000690c       0x1c _build/nrf52832_xxaa/nrfx_uarte.c.o
 .text.nrf_uarte_event_clear
                0x00006928       0x2e _build/nrf52832_xxaa/nrfx_uarte.c.o
 .text.nrf_uarte_event_check
                0x00006956       0x2a _build/nrf52832_xxaa/nrfx_uarte.c.o
 .text.nrf_uarte_shorts_enable
                0x00006980       0x26 _build/nrf52832_xxaa/nrfx_uarte.c.o
 .text.nrf_uarte_shorts_disable
                0x000069a6       0x28 _build/nrf52832_xxaa/nrfx_uarte.c.o
 .text.nrf_uarte_int_enable
                0x000069ce       0x1e _build/nrf52832_xxaa/nrfx_uarte.c.o
 .text.nrf_uarte_int_disable
                0x000069ec       0x1e _build/nrf52832_xxaa/nrfx_uarte.c.o
 .text.nrf_uarte_errorsrc_get_and_clear
                0x00006a0a       0x26 _build/nrf52832_xxaa/nrfx_uarte.c.o
 .text.nrf_uarte_enable
                0x00006a30       0x1c _build/nrf52832_xxaa/nrfx_uarte.c.o
 .text.nrf_uarte_disable
                0x00006a4c       0x1c _build/nrf52832_xxaa/nrfx_uarte.c.o
 .text.nrf_uarte_txrx_pins_set
                0x00006a68       0x28 _build/nrf52832_xxaa/nrfx_uarte.c.o
 .text.nrf_uarte_txrx_pins_disconnect
                0x00006a90       0x1e _build/nrf52832_xxaa/nrfx_uarte.c.o
 .text.nrf_uarte_tx_pin_get
                0x00006aae       0x1a _build/nrf52832_xxaa/nrfx_uarte.c.o
 .text.nrf_uarte_rx_pin_get
                0x00006ac8       0x1a _build/nrf52832_xxaa/nrfx_uarte.c.o
 .text.nrf_uarte_rts_pin_get
                0x00006ae2       0x1a _build/nrf52832_xxaa/nrfx_uarte.c.o
 .text.nrf_uarte_cts_pin_get
                0x00006afc       0x1a _build/nrf52832_xxaa/nrfx_uarte.c.o
 .text.nrf_uarte_hwfc_pins_set
                0x00006b16       0x28 _build/nrf52832_xxaa/nrfx_uarte.c.o
 .text.nrf_uarte_hwfc_pins_disconnect
                0x00006b3e       0x1e _build/nrf52832_xxaa/nrfx_uarte.c.o
 .text.nrf_uarte_task_trigger
                0x00006b5c       0x22 _build/nrf52832_xxaa/nrfx_uarte.c.o
 .text.nrf_uarte_configure
                0x00006b7e       0x2c _build/nrf52832_xxaa/nrfx_uarte.c.o
 .text.nrf_uarte_baudrate_set
                0x00006baa       0x1e _build/nrf52832_xxaa/nrfx_uarte.c.o
 .text.nrf_uarte_tx_buffer_set
                0x00006bc8       0x28 _build/nrf52832_xxaa/nrfx_uarte.c.o
 .text.nrf_uarte_tx_amount_get
                0x00006bf0       0x1a _build/nrf52832_xxaa/nrfx_uarte.c.o
 .text.nrf_uarte_rx_buffer_set
                0x00006c0a       0x28 _build/nrf52832_xxaa/nrfx_uarte.c.o
 .text.nrf_uarte_rx_amount_get
                0x00006c32       0x1a _build/nrf52832_xxaa/nrfx_uarte.c.o
 .text.nrf_gpio_pin_port_decode
                0x00006c4c       0x18 _build/nrf52832_xxaa/nrfx_uarte.c.o
 .text.nrf_gpio_cfg
                0x00006c64       0x52 _build/nrf52832_xxaa/nrfx_uarte.c.o
 .text.nrf_gpio_cfg_output
                0x00006cb6       0x24 _build/nrf52832_xxaa/nrfx_uarte.c.o
 .text.nrf_gpio_cfg_input
                0x00006cda       0x2a _build/nrf52832_xxaa/nrfx_uarte.c.o
 .text.nrf_gpio_cfg_default
                0x00006d04       0x24 _build/nrf52832_xxaa/nrfx_uarte.c.o
 .text.nrf_gpio_pin_set
                0x00006d28       0x2a _build/nrf52832_xxaa/nrfx_uarte.c.o
 .text.nrf_gpio_port_out_set
                0x00006d52       0x1e _build/nrf52832_xxaa/nrfx_uarte.c.o
 .text.apply_config
                0x00006d70       0xc8 _build/nrf52832_xxaa/nrfx_uarte.c.o
 .text.interrupts_enable
                0x00006e38       0x88 _build/nrf52832_xxaa/nrfx_uarte.c.o
 .text.interrupts_disable
                0x00006ec0       0x34 _build/nrf52832_xxaa/nrfx_uarte.c.o
 .text.pins_to_default
                0x00006ef4       0x8c _build/nrf52832_xxaa/nrfx_uarte.c.o
 .text.nrfx_uarte_init
                0x00006f80       0xbc _build/nrf52832_xxaa/nrfx_uarte.c.o
                0x00006f80                nrfx_uarte_init
 .text.nrfx_uarte_uninit
                0x0000703c       0x60 _build/nrf52832_xxaa/nrfx_uarte.c.o
                0x0000703c                nrfx_uarte_uninit
 .text.nrfx_uarte_tx
                0x0000709c       0xfc _build/nrf52832_xxaa/nrfx_uarte.c.o
                0x0000709c                nrfx_uarte_tx
 .text.nrfx_uarte_tx_in_progress
                0x00007198       0x38 _build/nrf52832_xxaa/nrfx_uarte.c.o
                0x00007198                nrfx_uarte_tx_in_progress
 .text.nrfx_uarte_rx
                0x000071d0      0x1c4 _build/nrf52832_xxaa/nrfx_uarte.c.o
                0x000071d0                nrfx_uarte_rx
 .text.nrfx_uarte_rx_ready
                0x00007394       0x20 _build/nrf52832_xxaa/nrfx_uarte.c.o
                0x00007394                nrfx_uarte_rx_ready
 .text.rx_done_event
                0x000073b4       0x32 _build/nrf52832_xxaa/nrfx_uarte.c.o
 .text.tx_done_event
                0x000073e6       0x38 _build/nrf52832_xxaa/nrfx_uarte.c.o
 .text.nrfx_uarte_rx_abort
                0x0000741e       0x1c _build/nrf52832_xxaa/nrfx_uarte.c.o
                0x0000741e                nrfx_uarte_rx_abort
 .text.uarte_irq_handler
                0x0000743a      0x150 _build/nrf52832_xxaa/nrfx_uarte.c.o
 *fill*         0x0000758a        0x2 
 .text.nrfx_uarte_0_irq_handler
                0x0000758c       0x18 _build/nrf52832_xxaa/nrfx_uarte.c.o
                0x0000758c                nrfx_uarte_0_irq_handler
 .text.NVIC_EnableIRQ
                0x000075a4       0x34 _build/nrf52832_xxaa/nrfx_clock.c.o
 .text.NVIC_ClearPendingIRQ
                0x000075d8       0x34 _build/nrf52832_xxaa/nrfx_clock.c.o
 .text.NVIC_SetPriority
                0x0000760c       0x54 _build/nrf52832_xxaa/nrfx_clock.c.o
 .text._NRFX_IRQ_PRIORITY_SET
                0x00007660       0x26 _build/nrf52832_xxaa/nrfx_clock.c.o
 .text._NRFX_IRQ_ENABLE
                0x00007686       0x26 _build/nrf52832_xxaa/nrfx_clock.c.o
 .text._NRFX_IRQ_IS_ENABLED
                0x000076ac       0x54 _build/nrf52832_xxaa/nrfx_clock.c.o
 .text.nrf_clock_int_enable
                0x00007700       0x1e _build/nrf52832_xxaa/nrfx_clock.c.o
 .text.nrf_clock_int_disable
                0x0000771e       0x1e _build/nrf52832_xxaa/nrfx_clock.c.o
 .text.nrf_clock_task_trigger
                0x0000773c       0x20 _build/nrf52832_xxaa/nrfx_clock.c.o
 .text.nrf_clock_event_clear
                0x0000775c       0x2c _build/nrf52832_xxaa/nrfx_clock.c.o
 .text.nrf_clock_event_check
                0x00007788       0x28 _build/nrf52832_xxaa/nrfx_clock.c.o
 .text.nrf_clock_lf_src_set
                0x000077b0       0x24 _build/nrf52832_xxaa/nrfx_clock.c.o
 .text.nrfx_power_clock_irq_init
                0x000077d4       0x34 _build/nrf52832_xxaa/nrfx_clock.c.o
 .text.nrfx_clock_init
                0x00007808       0x40 _build/nrf52832_xxaa/nrfx_clock.c.o
                0x00007808                nrfx_clock_init
 .text.nrfx_clock_enable
                0x00007848       0x12 _build/nrf52832_xxaa/nrfx_clock.c.o
                0x00007848                nrfx_clock_enable
 .text.nrfx_clock_hfclk_start
                0x0000785a       0x1c _build/nrf52832_xxaa/nrfx_clock.c.o
                0x0000785a                nrfx_clock_hfclk_start
 *fill*         0x00007876        0x2 
 .text.POWER_CLOCK_IRQHandler
                0x00007878       0x68 _build/nrf52832_xxaa/nrfx_clock.c.o
                0x00007878                POWER_CLOCK_IRQHandler
 .text.nrf_rtc_int_disable
                0x000078e0       0x1e _build/nrf52832_xxaa/nrfx_rtc.c.o
 .text.nrf_rtc_int_is_enabled
                0x000078fe       0x20 _build/nrf52832_xxaa/nrfx_rtc.c.o
 .text.nrf_rtc_event_pending
                0x0000791e       0x20 _build/nrf52832_xxaa/nrfx_rtc.c.o
 .text.nrf_rtc_event_clear
                0x0000793e       0x2e _build/nrf52832_xxaa/nrfx_rtc.c.o
 .text.nrf_rtc_event_disable
                0x0000796c       0x1e _build/nrf52832_xxaa/nrfx_rtc.c.o
 *fill*         0x0000798a        0x2 
 .text.irq_handler
                0x0000798c      0x100 _build/nrf52832_xxaa/nrfx_rtc.c.o
 .text.RTC0_IRQHandler
                0x00007a8c       0x18 _build/nrf52832_xxaa/nrfx_rtc.c.o
                0x00007a8c                RTC0_IRQHandler
 .text.nrf_timer_event_clear
                0x00007aa4       0x2e _build/nrf52832_xxaa/nrfx_timer.c.o
 .text.nrf_timer_event_check
                0x00007ad2       0x2a _build/nrf52832_xxaa/nrfx_timer.c.o
 .text.nrf_timer_int_enable_check
                0x00007afc       0x2a _build/nrf52832_xxaa/nrfx_timer.c.o
 .text.nrf_timer_compare_event_get
                0x00007b26       0x20 _build/nrf52832_xxaa/nrfx_timer.c.o
 .text.nrf_timer_compare_int_get
                0x00007b46       0x1e _build/nrf52832_xxaa/nrfx_timer.c.o
 .text.irq_handler
                0x00007b64       0x76 _build/nrf52832_xxaa/nrfx_timer.c.o
 *fill*         0x00007bda        0x2 
 .text.TIMER0_IRQHandler
                0x00007bdc       0x1c _build/nrf52832_xxaa/nrfx_timer.c.o
                0x00007bdc                TIMER0_IRQHandler
 .text.nrf_saadc_task_trigger
                0x00007bf8       0x24 _build/nrf52832_xxaa/nrfx_saadc.c.o
 .text.nrf_saadc_event_check
                0x00007c1c       0x2c _build/nrf52832_xxaa/nrfx_saadc.c.o
 .text.nrf_saadc_event_clear
                0x00007c48       0x34 _build/nrf52832_xxaa/nrfx_saadc.c.o
 .text.nrf_saadc_buffer_init
                0x00007c7c       0x2c _build/nrf52832_xxaa/nrfx_saadc.c.o
 .text.SAADC_IRQHandler
                0x00007ca8      0x240 _build/nrf52832_xxaa/nrfx_saadc.c.o
                0x00007ca8                SAADC_IRQHandler
 .text.UARTE0_UART0_IRQHandler
                0x00007ee8       0x14 _build/nrf52832_xxaa/nrfx_prs.c.o
                0x00007ee8                UARTE0_UART0_IRQHandler
 .text.prs_box_get
                0x00007efc       0x2c _build/nrf52832_xxaa/nrfx_prs.c.o
 .text.nrfx_prs_acquire
                0x00007f28       0x5e _build/nrf52832_xxaa/nrfx_prs.c.o
                0x00007f28                nrfx_prs_acquire
 .text.nrfx_prs_release
                0x00007f86       0x2a _build/nrf52832_xxaa/nrfx_prs.c.o
                0x00007f86                nrfx_prs_release
 .text.exit     0x00007fb0       0x28 c:/program files (x86)/gnu tools arm embedded/6 2017-q2-update/bin/../lib/gcc/arm-none-eabi/6.3.1/../../../../arm-none-eabi/lib/thumb/v7e-m/fpv4-sp/hard\libc_nano.a(lib_a-exit.o)
                0x00007fb0                exit
 .text.__libc_init_array
                0x00007fd8       0x48 c:/program files (x86)/gnu tools arm embedded/6 2017-q2-update/bin/../lib/gcc/arm-none-eabi/6.3.1/../../../../arm-none-eabi/lib/thumb/v7e-m/fpv4-sp/hard\libc_nano.a(lib_a-init.o)
                0x00007fd8                __libc_init_array
 .text.memcpy   0x00008020       0x16 c:/program files (x86)/gnu tools arm embedded/6 2017-q2-update/bin/../lib/gcc/arm-none-eabi/6.3.1/../../../../arm-none-eabi/lib/thumb/v7e-m/fpv4-sp/hard\libc_nano.a(lib_a-memcpy-stub.o)
                0x00008020                memcpy
 .text.memset   0x00008036       0x10 c:/program files (x86)/gnu tools arm embedded/6 2017-q2-update/bin/../lib/gcc/arm-none-eabi/6.3.1/../../../../arm-none-eabi/lib/thumb/v7e-m/fpv4-sp/hard\libc_nano.a(lib_a-memset.o)
                0x00008036                memset
 .text.__cvt    0x00008046       0xc2 c:/program files (x86)/gnu tools arm embedded/6 2017-q2-update/bin/../lib/gcc/arm-none-eabi/6.3.1/../../../../arm-none-eabi/lib/thumb/v7e-m/fpv4-sp/hard\libc_nano.a(lib_a-nano-vfprintf_float.o)
                0x00008046                __cvt
 .text.__exponent
                0x00008108       0x6a c:/program files (x86)/gnu tools arm embedded/6 2017-q2-update/bin/../lib/gcc/arm-none-eabi/6.3.1/../../../../arm-none-eabi/lib/thumb/v7e-m/fpv4-sp/hard\libc_nano.a(lib_a-nano-vfprintf_float.o)
                0x00008108                __exponent
 *fill*         0x00008172        0x2 
 .text._printf_float
                0x00008174      0x480 c:/program files (x86)/gnu tools arm embedded/6 2017-q2-update/bin/../lib/gcc/arm-none-eabi/6.3.1/../../../../arm-none-eabi/lib/thumb/v7e-m/fpv4-sp/hard\libc_nano.a(lib_a-nano-vfprintf_float.o)
                0x00008174                _printf_float
 .text._printf_common
                0x000085f4       0xec c:/program files (x86)/gnu tools arm embedded/6 2017-q2-update/bin/../lib/gcc/arm-none-eabi/6.3.1/../../../../arm-none-eabi/lib/thumb/v7e-m/fpv4-sp/hard\libc_nano.a(lib_a-nano-vfprintf_i.o)
                0x000085f4                _printf_common
 .text._printf_i
                0x000086e0      0x240 c:/program files (x86)/gnu tools arm embedded/6 2017-q2-update/bin/../lib/gcc/arm-none-eabi/6.3.1/../../../../arm-none-eabi/lib/thumb/v7e-m/fpv4-sp/hard\libc_nano.a(lib_a-nano-vfprintf_i.o)
                0x000086e0                _printf_i
 .text.sprintf  0x00008920       0x48 c:/program files (x86)/gnu tools arm embedded/6 2017-q2-update/bin/../lib/gcc/arm-none-eabi/6.3.1/../../../../arm-none-eabi/lib/thumb/v7e-m/fpv4-sp/hard\libc_nano.a(lib_a-sprintf.o)
                0x00008920                siprintf
                0x00008920                sprintf
 .text          0x00008968       0x10 c:/program files (x86)/gnu tools arm embedded/6 2017-q2-update/bin/../lib/gcc/arm-none-eabi/6.3.1/../../../../arm-none-eabi/lib/thumb/v7e-m/fpv4-sp/hard\libc_nano.a(lib_a-strlen.o)
                0x00008968                strlen
 .text.quorem   0x00008978      0x118 c:/program files (x86)/gnu tools arm embedded/6 2017-q2-update/bin/../lib/gcc/arm-none-eabi/6.3.1/../../../../arm-none-eabi/lib/thumb/v7e-m/fpv4-sp/hard\libc_nano.a(lib_a-dtoa.o)
 .text._dtoa_r  0x00008a90      0xb9c c:/program files (x86)/gnu tools arm embedded/6 2017-q2-update/bin/../lib/gcc/arm-none-eabi/6.3.1/../../../../arm-none-eabi/lib/thumb/v7e-m/fpv4-sp/hard\libc_nano.a(lib_a-dtoa.o)
                0x00008a90                _dtoa_r
 .text._localeconv_r
                0x0000962c       0x1c c:/program files (x86)/gnu tools arm embedded/6 2017-q2-update/bin/../lib/gcc/arm-none-eabi/6.3.1/../../../../arm-none-eabi/lib/thumb/v7e-m/fpv4-sp/hard\libc_nano.a(lib_a-localeconv.o)
                0x0000962c                _localeconv_r
 .text.malloc   0x00009648       0x10 c:/program files (x86)/gnu tools arm embedded/6 2017-q2-update/bin/../lib/gcc/arm-none-eabi/6.3.1/../../../../arm-none-eabi/lib/thumb/v7e-m/fpv4-sp/hard\libc_nano.a(lib_a-malloc.o)
                0x00009648                malloc
 *fill*         0x00009658        0x8 
 .text          0x00009660       0xa0 c:/program files (x86)/gnu tools arm embedded/6 2017-q2-update/bin/../lib/gcc/arm-none-eabi/6.3.1/../../../../arm-none-eabi/lib/thumb/v7e-m/fpv4-sp/hard\libc_nano.a(lib_a-memchr.o)
                0x00009660                memchr
 .text._Balloc  0x00009700       0x68 c:/program files (x86)/gnu tools arm embedded/6 2017-q2-update/bin/../lib/gcc/arm-none-eabi/6.3.1/../../../../arm-none-eabi/lib/thumb/v7e-m/fpv4-sp/hard\libc_nano.a(lib_a-mprec.o)
                0x00009700                _Balloc
 .text._Bfree   0x00009768       0x2e c:/program files (x86)/gnu tools arm embedded/6 2017-q2-update/bin/../lib/gcc/arm-none-eabi/6.3.1/../../../../arm-none-eabi/lib/thumb/v7e-m/fpv4-sp/hard\libc_nano.a(lib_a-mprec.o)
                0x00009768                _Bfree
 .text.__multadd
                0x00009796       0x76 c:/program files (x86)/gnu tools arm embedded/6 2017-q2-update/bin/../lib/gcc/arm-none-eabi/6.3.1/../../../../arm-none-eabi/lib/thumb/v7e-m/fpv4-sp/hard\libc_nano.a(lib_a-mprec.o)
                0x00009796                __multadd
 .text.__hi0bits
                0x0000980c       0x3e c:/program files (x86)/gnu tools arm embedded/6 2017-q2-update/bin/../lib/gcc/arm-none-eabi/6.3.1/../../../../arm-none-eabi/lib/thumb/v7e-m/fpv4-sp/hard\libc_nano.a(lib_a-mprec.o)
                0x0000980c                __hi0bits
 .text.__lo0bits
                0x0000984a       0x5e c:/program files (x86)/gnu tools arm embedded/6 2017-q2-update/bin/../lib/gcc/arm-none-eabi/6.3.1/../../../../arm-none-eabi/lib/thumb/v7e-m/fpv4-sp/hard\libc_nano.a(lib_a-mprec.o)
                0x0000984a                __lo0bits
 .text.__i2b    0x000098a8       0x12 c:/program files (x86)/gnu tools arm embedded/6 2017-q2-update/bin/../lib/gcc/arm-none-eabi/6.3.1/../../../../arm-none-eabi/lib/thumb/v7e-m/fpv4-sp/hard\libc_nano.a(lib_a-mprec.o)
                0x000098a8                __i2b
 .text.__multiply
                0x000098ba      0x11a c:/program files (x86)/gnu tools arm embedded/6 2017-q2-update/bin/../lib/gcc/arm-none-eabi/6.3.1/../../../../arm-none-eabi/lib/thumb/v7e-m/fpv4-sp/hard\libc_nano.a(lib_a-mprec.o)
                0x000098ba                __multiply
 .text.__pow5mult
                0x000099d4       0x9c c:/program files (x86)/gnu tools arm embedded/6 2017-q2-update/bin/../lib/gcc/arm-none-eabi/6.3.1/../../../../arm-none-eabi/lib/thumb/v7e-m/fpv4-sp/hard\libc_nano.a(lib_a-mprec.o)
                0x000099d4                __pow5mult
 .text.__lshift
                0x00009a70       0xa2 c:/program files (x86)/gnu tools arm embedded/6 2017-q2-update/bin/../lib/gcc/arm-none-eabi/6.3.1/../../../../arm-none-eabi/lib/thumb/v7e-m/fpv4-sp/hard\libc_nano.a(lib_a-mprec.o)
                0x00009a70                __lshift
 .text.__mcmp   0x00009b12       0x34 c:/program files (x86)/gnu tools arm embedded/6 2017-q2-update/bin/../lib/gcc/arm-none-eabi/6.3.1/../../../../arm-none-eabi/lib/thumb/v7e-m/fpv4-sp/hard\libc_nano.a(lib_a-mprec.o)
                0x00009b12                __mcmp
 .text.__mdiff  0x00009b46       0xbc c:/program files (x86)/gnu tools arm embedded/6 2017-q2-update/bin/../lib/gcc/arm-none-eabi/6.3.1/../../../../arm-none-eabi/lib/thumb/v7e-m/fpv4-sp/hard\libc_nano.a(lib_a-mprec.o)
                0x00009b46                __mdiff
 .text.__d2b    0x00009c02       0x9e c:/program files (x86)/gnu tools arm embedded/6 2017-q2-update/bin/../lib/gcc/arm-none-eabi/6.3.1/../../../../arm-none-eabi/lib/thumb/v7e-m/fpv4-sp/hard\libc_nano.a(lib_a-mprec.o)
                0x00009c02                __d2b
 .text._calloc_r
                0x00009ca0       0x1c c:/program files (x86)/gnu tools arm embedded/6 2017-q2-update/bin/../lib/gcc/arm-none-eabi/6.3.1/../../../../arm-none-eabi/lib/thumb/v7e-m/fpv4-sp/hard\libc_nano.a(lib_a-nano-callocr.o)
                0x00009ca0                _calloc_r
 .text._free_r  0x00009cbc       0x9c c:/program files (x86)/gnu tools arm embedded/6 2017-q2-update/bin/../lib/gcc/arm-none-eabi/6.3.1/../../../../arm-none-eabi/lib/thumb/v7e-m/fpv4-sp/hard\libc_nano.a(lib_a-nano-freer.o)
                0x00009cbc                _free_r
 .text._malloc_r
                0x00009d58       0xbc c:/program files (x86)/gnu tools arm embedded/6 2017-q2-update/bin/../lib/gcc/arm-none-eabi/6.3.1/../../../../arm-none-eabi/lib/thumb/v7e-m/fpv4-sp/hard\libc_nano.a(lib_a-nano-mallocr.o)
                0x00009d58                _malloc_r
 .text.__ssputs_r
                0x00009e14       0xb6 c:/program files (x86)/gnu tools arm embedded/6 2017-q2-update/bin/../lib/gcc/arm-none-eabi/6.3.1/../../../../arm-none-eabi/lib/thumb/v7e-m/fpv4-sp/hard\libc_nano.a(lib_a-nano-svfprintf.o)
                0x00009e14                __ssputs_r
 *fill*         0x00009eca        0x2 
 .text._svfprintf_r
                0x00009ecc      0x1e8 c:/program files (x86)/gnu tools arm embedded/6 2017-q2-update/bin/../lib/gcc/arm-none-eabi/6.3.1/../../../../arm-none-eabi/lib/thumb/v7e-m/fpv4-sp/hard\libc_nano.a(lib_a-nano-svfprintf.o)
                0x00009ecc                _svfiprintf_r
                0x00009ecc                _svfprintf_r
 .text._sbrk_r  0x0000a0b4       0x20 c:/program files (x86)/gnu tools arm embedded/6 2017-q2-update/bin/../lib/gcc/arm-none-eabi/6.3.1/../../../../arm-none-eabi/lib/thumb/v7e-m/fpv4-sp/hard\libc_nano.a(lib_a-sbrkr.o)
                0x0000a0b4                _sbrk_r
 .text.__ascii_mbtowc
                0x0000a0d4       0x24 c:/program files (x86)/gnu tools arm embedded/6 2017-q2-update/bin/../lib/gcc/arm-none-eabi/6.3.1/../../../../arm-none-eabi/lib/thumb/v7e-m/fpv4-sp/hard\libc_nano.a(lib_a-mbtowc_r.o)
                0x0000a0d4                __ascii_mbtowc
 .text.memmove  0x0000a0f8       0x34 c:/program files (x86)/gnu tools arm embedded/6 2017-q2-update/bin/../lib/gcc/arm-none-eabi/6.3.1/../../../../arm-none-eabi/lib/thumb/v7e-m/fpv4-sp/hard\libc_nano.a(lib_a-memmove.o)
                0x0000a0f8                memmove
 .text.__malloc_lock
                0x0000a12c        0x2 c:/program files (x86)/gnu tools arm embedded/6 2017-q2-update/bin/../lib/gcc/arm-none-eabi/6.3.1/../../../../arm-none-eabi/lib/thumb/v7e-m/fpv4-sp/hard\libc_nano.a(lib_a-mlock.o)
                0x0000a12c                __malloc_lock
 .text.__malloc_unlock
                0x0000a12e        0x2 c:/program files (x86)/gnu tools arm embedded/6 2017-q2-update/bin/../lib/gcc/arm-none-eabi/6.3.1/../../../../arm-none-eabi/lib/thumb/v7e-m/fpv4-sp/hard\libc_nano.a(lib_a-mlock.o)
                0x0000a12e                __malloc_unlock
 .text._realloc_r
                0x0000a130       0x4c c:/program files (x86)/gnu tools arm embedded/6 2017-q2-update/bin/../lib/gcc/arm-none-eabi/6.3.1/../../../../arm-none-eabi/lib/thumb/v7e-m/fpv4-sp/hard\libc_nano.a(lib_a-nano-reallocr.o)
                0x0000a130                _realloc_r
 .text.__ascii_wctomb
                0x0000a17c       0x1a c:/program files (x86)/gnu tools arm embedded/6 2017-q2-update/bin/../lib/gcc/arm-none-eabi/6.3.1/../../../../arm-none-eabi/lib/thumb/v7e-m/fpv4-sp/hard\libc_nano.a(lib_a-wctomb_r.o)
                0x0000a17c                __ascii_wctomb
 .text._malloc_usable_size_r
                0x0000a196       0x12 c:/program files (x86)/gnu tools arm embedded/6 2017-q2-update/bin/../lib/gcc/arm-none-eabi/6.3.1/../../../../arm-none-eabi/lib/thumb/v7e-m/fpv4-sp/hard\libc_nano.a(lib_a-nano-msizer.o)
                0x0000a196                _malloc_usable_size_r
 .text._sbrk    0x0000a1a8       0x1c c:/program files (x86)/gnu tools arm embedded/6 2017-q2-update/bin/../lib/gcc/arm-none-eabi/6.3.1/../../../../arm-none-eabi/lib/thumb/v7e-m/fpv4-sp/hard\libnosys.a(sbrk.o)
                0x0000a1a8                _sbrk
 .text._exit    0x0000a1c4        0x4 c:/program files (x86)/gnu tools arm embedded/6 2017-q2-update/bin/../lib/gcc/arm-none-eabi/6.3.1/../../../../arm-none-eabi/lib/thumb/v7e-m/fpv4-sp/hard\libnosys.a(_exit.o)
                0x0000a1c4                _exit
 .text          0x0000a1c8      0x370 c:/program files (x86)/gnu tools arm embedded/6 2017-q2-update/bin/../lib/gcc/arm-none-eabi/6.3.1/thumb/v7e-m/fpv4-sp/hard\libgcc.a(_arm_addsubdf3.o)
                0x0000a1c8                __aeabi_drsub
                0x0000a1d0                __aeabi_dsub
                0x0000a1d0                __subdf3
                0x0000a1d4                __aeabi_dadd
                0x0000a1d4                __adddf3
                0x0000a44c                __floatunsidf
                0x0000a44c                __aeabi_ui2d
                0x0000a46c                __floatsidf
                0x0000a46c                __aeabi_i2d
                0x0000a490                __aeabi_f2d
                0x0000a490                __extendsfdf2
                0x0000a4cc                __floatundidf
                0x0000a4cc                __aeabi_ul2d
                0x0000a4dc                __floatdidf
                0x0000a4dc                __aeabi_l2d
 .text          0x0000a538      0x424 c:/program files (x86)/gnu tools arm embedded/6 2017-q2-update/bin/../lib/gcc/arm-none-eabi/6.3.1/thumb/v7e-m/fpv4-sp/hard\libgcc.a(_arm_muldivdf3.o)
                0x0000a538                __aeabi_dmul
                0x0000a538                __muldf3
                0x0000a78c                __divdf3
                0x0000a78c                __aeabi_ddiv
 .text          0x0000a95c      0x110 c:/program files (x86)/gnu tools arm embedded/6 2017-q2-update/bin/../lib/gcc/arm-none-eabi/6.3.1/thumb/v7e-m/fpv4-sp/hard\libgcc.a(_arm_cmpdf2.o)
                0x0000a95c                __gtdf2
                0x0000a95c                __gedf2
                0x0000a964                __ltdf2
                0x0000a964                __ledf2
                0x0000a96c                __nedf2
                0x0000a96c                __eqdf2
                0x0000a96c                __cmpdf2
                0x0000a9e8                __aeabi_cdrcmple
                0x0000a9f8                __aeabi_cdcmpeq
                0x0000a9f8                __aeabi_cdcmple
                0x0000aa08                __aeabi_dcmpeq
                0x0000aa1c                __aeabi_dcmplt
                0x0000aa30                __aeabi_dcmple
                0x0000aa44                __aeabi_dcmpge
                0x0000aa58                __aeabi_dcmpgt
 .text          0x0000aa6c       0x2c c:/program files (x86)/gnu tools arm embedded/6 2017-q2-update/bin/../lib/gcc/arm-none-eabi/6.3.1/thumb/v7e-m/fpv4-sp/hard\libgcc.a(_arm_unorddf2.o)
                0x0000aa6c                __unorddf2
                0x0000aa6c                __aeabi_dcmpun
 .text          0x0000aa98       0x50 c:/program files (x86)/gnu tools arm embedded/6 2017-q2-update/bin/../lib/gcc/arm-none-eabi/6.3.1/thumb/v7e-m/fpv4-sp/hard\libgcc.a(_arm_fixdfsi.o)
                0x0000aa98                __aeabi_d2iz
                0x0000aa98                __fixdfsi
 .text          0x0000aae8       0x30 c:/program files (x86)/gnu tools arm embedded/6 2017-q2-update/bin/../lib/gcc/arm-none-eabi/6.3.1/thumb/v7e-m/fpv4-sp/hard\libgcc.a(_aeabi_uldivmod.o)
                0x0000aae8                __aeabi_uldivmod
 .text          0x0000ab18      0x2dc c:/program files (x86)/gnu tools arm embedded/6 2017-q2-update/bin/../lib/gcc/arm-none-eabi/6.3.1/thumb/v7e-m/fpv4-sp/hard\libgcc.a(_udivmoddi4.o)
                0x0000ab18                __udivmoddi4
 .text          0x0000adf4        0x4 c:/program files (x86)/gnu tools arm embedded/6 2017-q2-update/bin/../lib/gcc/arm-none-eabi/6.3.1/thumb/v7e-m/fpv4-sp/hard\libgcc.a(_dvmd_tls.o)
                0x0000adf4                __aeabi_idiv0
                0x0000adf4                __aeabi_ldiv0
 *(.init)
 .init          0x0000adf8        0x4 c:/program files (x86)/gnu tools arm embedded/6 2017-q2-update/bin/../lib/gcc/arm-none-eabi/6.3.1/thumb/v7e-m/fpv4-sp/hard/crti.o
                0x0000adf8                _init
 .init          0x0000adfc        0x8 c:/program files (x86)/gnu tools arm embedded/6 2017-q2-update/bin/../lib/gcc/arm-none-eabi/6.3.1/thumb/v7e-m/fpv4-sp/hard/crtn.o
 *(.fini)
 .fini          0x0000ae04        0x4 c:/program files (x86)/gnu tools arm embedded/6 2017-q2-update/bin/../lib/gcc/arm-none-eabi/6.3.1/thumb/v7e-m/fpv4-sp/hard/crti.o
                0x0000ae04                _fini
 .fini          0x0000ae08        0x8 c:/program files (x86)/gnu tools arm embedded/6 2017-q2-update/bin/../lib/gcc/arm-none-eabi/6.3.1/thumb/v7e-m/fpv4-sp/hard/crtn.o
 *crtbegin.o(.ctors)
 *crtbegin?.o(.ctors)
 *(EXCLUDE_FILE(*crtend.o *crtend?.o) .ctors)
 *(SORT(.ctors.*))
 *(.ctors)
 *crtbegin.o(.dtors)
 *crtbegin?.o(.dtors)
 *(EXCLUDE_FILE(*crtend.o *crtend?.o) .dtors)
 *(SORT(.dtors.*))
 *(.dtors)
 *(.rodata*)
 .rodata        0x0000ae10       0x23 _build/nrf52832_xxaa/main.c.o
 *fill*         0x0000ae33        0xd 
 .rodata.delay_bytecode.7849
                0x0000ae40        0x6 _build/nrf52832_xxaa/main.c.o
 *fill*         0x0000ae46        0x2 
 .rodata        0x0000ae48      0x25f _build/nrf52832_xxaa/mesh.c.o
 *fill*         0x0000b0a7        0x1 
 .rodata        0x0000b0a8       0xdd _build/nrf52832_xxaa/mesh_cmd.c.o
 *fill*         0x0000b185        0x3 
 .rodata.m_uart0_drv_config
                0x0000b188       0x20 _build/nrf52832_xxaa/app_ser.c.o
 .rodata.serial_queues
                0x0000b1a8        0x8 _build/nrf52832_xxaa/app_ser.c.o
 .rodata.serial_buffs
                0x0000b1b0        0xc _build/nrf52832_xxaa/app_ser.c.o
 .rodata.serial_config
                0x0000b1bc       0x14 _build/nrf52832_xxaa/app_ser.c.o
 .rodata.serial_uart_rx_timer
                0x0000b1d0        0x4 _build/nrf52832_xxaa/app_ser.c.o
 .rodata.serial_uart_tx_timer
                0x0000b1d4        0x4 _build/nrf52832_xxaa/app_ser.c.o
 .rodata.serial_uart
                0x0000b1d8       0x20 _build/nrf52832_xxaa/app_ser.c.o
 .rodata        0x0000b1f8        0x9 _build/nrf52832_xxaa/utils.c.o
 *fill*         0x0000b201        0xf 
 .rodata.delay_bytecode.8164
                0x0000b210        0x6 _build/nrf52832_xxaa/app_timer.c.o
 *fill*         0x0000b216        0x2 
 .rodata.irq_handlers.8589
                0x0000b218        0x4 _build/nrf52832_xxaa/nrfx_uart.c.o
 .rodata.irq_handlers.8627
                0x0000b21c        0x4 _build/nrf52832_xxaa/nrfx_uarte.c.o
 .rodata._global_impure_ptr
                0x0000b220        0x4 c:/program files (x86)/gnu tools arm embedded/6 2017-q2-update/bin/../lib/gcc/arm-none-eabi/6.3.1/../../../../arm-none-eabi/lib/thumb/v7e-m/fpv4-sp/hard\libc_nano.a(lib_a-impure.o)
                0x0000b220                _global_impure_ptr
 .rodata._printf_float.str1.1
                0x0000b224       0x12 c:/program files (x86)/gnu tools arm embedded/6 2017-q2-update/bin/../lib/gcc/arm-none-eabi/6.3.1/../../../../arm-none-eabi/lib/thumb/v7e-m/fpv4-sp/hard\libc_nano.a(lib_a-nano-vfprintf_float.o)
 .rodata._printf_i.str1.1
                0x0000b236       0x22 c:/program files (x86)/gnu tools arm embedded/6 2017-q2-update/bin/../lib/gcc/arm-none-eabi/6.3.1/../../../../arm-none-eabi/lib/thumb/v7e-m/fpv4-sp/hard\libc_nano.a(lib_a-nano-vfprintf_i.o)
 .rodata._dtoa_r.str1.1
                0x0000b258        0xd c:/program files (x86)/gnu tools arm embedded/6 2017-q2-update/bin/../lib/gcc/arm-none-eabi/6.3.1/../../../../arm-none-eabi/lib/thumb/v7e-m/fpv4-sp/hard\libc_nano.a(lib_a-dtoa.o)
                                  0xf (size before relaxing)
 *fill*         0x0000b265        0x3 
 .rodata.__mprec_bigtens
                0x0000b268       0x28 c:/program files (x86)/gnu tools arm embedded/6 2017-q2-update/bin/../lib/gcc/arm-none-eabi/6.3.1/../../../../arm-none-eabi/lib/thumb/v7e-m/fpv4-sp/hard\libc_nano.a(lib_a-mprec.o)
                0x0000b268                __mprec_bigtens
 .rodata.__mprec_tens
                0x0000b290       0xc8 c:/program files (x86)/gnu tools arm embedded/6 2017-q2-update/bin/../lib/gcc/arm-none-eabi/6.3.1/../../../../arm-none-eabi/lib/thumb/v7e-m/fpv4-sp/hard\libc_nano.a(lib_a-mprec.o)
                0x0000b290                __mprec_tens
 .rodata.p05.7170
                0x0000b358        0xc c:/program files (x86)/gnu tools arm embedded/6 2017-q2-update/bin/../lib/gcc/arm-none-eabi/6.3.1/../../../../arm-none-eabi/lib/thumb/v7e-m/fpv4-sp/hard\libc_nano.a(lib_a-mprec.o)
 .rodata._svfprintf_r.str1.1
                0x0000b364       0x11 c:/program files (x86)/gnu tools arm embedded/6 2017-q2-update/bin/../lib/gcc/arm-none-eabi/6.3.1/../../../../arm-none-eabi/lib/thumb/v7e-m/fpv4-sp/hard\libc_nano.a(lib_a-nano-svfprintf.o)
 .rodata._setlocale_r.str1.1
                0x0000b375        0x8 c:/program files (x86)/gnu tools arm embedded/6 2017-q2-update/bin/../lib/gcc/arm-none-eabi/6.3.1/../../../../arm-none-eabi/lib/thumb/v7e-m/fpv4-sp/hard\libc_nano.a(lib_a-locale.o)
                                  0x9 (size before relaxing)
 .rodata.str1.1
                0x0000b37d        0x2 c:/program files (x86)/gnu tools arm embedded/6 2017-q2-update/bin/../lib/gcc/arm-none-eabi/6.3.1/../../../../arm-none-eabi/lib/thumb/v7e-m/fpv4-sp/hard\libc_nano.a(lib_a-locale.o)
 .rodata._ctype_
                0x0000b37f      0x101 c:/program files (x86)/gnu tools arm embedded/6 2017-q2-update/bin/../lib/gcc/arm-none-eabi/6.3.1/../../../../arm-none-eabi/lib/thumb/v7e-m/fpv4-sp/hard\libc_nano.a(lib_a-ctype_.o)
                0x0000b37f                _ctype_
 *(.eh_frame*)
 .eh_frame      0x0000b480        0x0 c:/program files (x86)/gnu tools arm embedded/6 2017-q2-update/bin/../lib/gcc/arm-none-eabi/6.3.1/thumb/v7e-m/fpv4-sp/hard/crtbegin.o
 .eh_frame      0x0000b480        0x4 c:/program files (x86)/gnu tools arm embedded/6 2017-q2-update/bin/../lib/gcc/arm-none-eabi/6.3.1/thumb/v7e-m/fpv4-sp/hard/crtend.o

.nrf_queue      0x0000b484       0x28
 .nrf_queue     0x0000b484       0x28 _build/nrf52832_xxaa/app_ser.c.o
                0x0000b484                serial_queues_rxq
                0x0000b498                serial_queues_txq

.glue_7         0x0000b4ac        0x0
 .glue_7        0x0000b4ac        0x0 linker stubs

.glue_7t        0x0000b4ac        0x0
 .glue_7t       0x0000b4ac        0x0 linker stubs

.vfp11_veneer   0x0000b4ac        0x0
 .vfp11_veneer  0x0000b4ac        0x0 linker stubs

.v4_bx          0x0000b4ac        0x0
 .v4_bx         0x0000b4ac        0x0 linker stubs

.iplt           0x0000b4ac        0x0
 .iplt          0x0000b4ac        0x0 c:/program files (x86)/gnu tools arm embedded/6 2017-q2-update/bin/../lib/gcc/arm-none-eabi/6.3.1/thumb/v7e-m/fpv4-sp/hard/crtbegin.o

.mem_section_dummy_rom

.log_const_data
                0x0000b4ac        0x0
                [!provide]                PROVIDE (__start_log_const_data, .)
 *(SORT(.log_const_data*))
                [!provide]                PROVIDE (__stop_log_const_data, .)

.nrf_balloc     0x0000b4ac        0x0
                [!provide]                PROVIDE (__start_nrf_balloc, .)
 *(.nrf_balloc)
                [!provide]                PROVIDE (__stop_nrf_balloc, .)

.ARM.extab
 *(.ARM.extab* .gnu.linkonce.armextab.*)
                0x0000b4ac                __exidx_start = .

.ARM.exidx      0x0000b4ac        0x8
 *(.ARM.exidx* .gnu.linkonce.armexidx.*)
 .ARM.exidx     0x0000b4ac        0x8 c:/program files (x86)/gnu tools arm embedded/6 2017-q2-update/bin/../lib/gcc/arm-none-eabi/6.3.1/../../../../arm-none-eabi/lib/thumb/v7e-m/fpv4-sp/hard/crt0.o
 .ARM.exidx     0x0000b4b4        0x0 c:/program files (x86)/gnu tools arm embedded/6 2017-q2-update/bin/../lib/gcc/arm-none-eabi/6.3.1/thumb/v7e-m/fpv4-sp/hard\libgcc.a(_udivmoddi4.o)
                                  0x8 (size before relaxing)
                0x0000b4b4                __exidx_end = .
                0x0000b4b4                __etext = .

.rel.dyn        0x0000b4b4        0x0
 .rel.iplt      0x0000b4b4        0x0 c:/program files (x86)/gnu tools arm embedded/6 2017-q2-update/bin/../lib/gcc/arm-none-eabi/6.3.1/thumb/v7e-m/fpv4-sp/hard/crtbegin.o

.data           0x20000000      0x298 load address 0x0000b4b4
                0x20000000                __data_start__ = .
 *(vtable)
 *(.data*)
 .data.nrf_esb_config
                0x20000000       0x18 _build/nrf52832_xxaa/mesh.c.o
 .data.tx_payload
                0x20000018       0x87 _build/nrf52832_xxaa/mesh.c.o
 .data.g_ttl    0x2000009f        0x1 _build/nrf52832_xxaa/mesh.c.o
 .data.m_esb_addr
                0x200000a0       0x14 _build/nrf52832_xxaa/nrf_esb.c.o
 .data.m_radio_shorts_common
                0x200000b4        0x4 _build/nrf52832_xxaa/nrf_esb.c.o
 .data.SystemCoreClock
                0x200000b8        0x4 _build/nrf52832_xxaa/system_nrf52.c.o
                0x200000b8                SystemCoreClock
 .data._impure_ptr
                0x200000bc        0x4 c:/program files (x86)/gnu tools arm embedded/6 2017-q2-update/bin/../lib/gcc/arm-none-eabi/6.3.1/../../../../arm-none-eabi/lib/thumb/v7e-m/fpv4-sp/hard\libc_nano.a(lib_a-impure.o)
                0x200000bc                _impure_ptr
 .data.impure_data
                0x200000c0       0x60 c:/program files (x86)/gnu tools arm embedded/6 2017-q2-update/bin/../lib/gcc/arm-none-eabi/6.3.1/../../../../arm-none-eabi/lib/thumb/v7e-m/fpv4-sp/hard\libc_nano.a(lib_a-impure.o)
 .data.__global_locale
                0x20000120      0x16c c:/program files (x86)/gnu tools arm embedded/6 2017-q2-update/bin/../lib/gcc/arm-none-eabi/6.3.1/../../../../arm-none-eabi/lib/thumb/v7e-m/fpv4-sp/hard\libc_nano.a(lib_a-locale.o)
                0x20000120                __global_locale
                0x2000028c                . = ALIGN (0x4)
                0x2000028c                PROVIDE (__preinit_array_start, .)
 *(.preinit_array)
                0x2000028c                PROVIDE (__preinit_array_end, .)
                0x2000028c                . = ALIGN (0x4)
                0x2000028c                PROVIDE (__init_array_start, .)
 *(SORT(.init_array.*))
 *(.init_array)
 .init_array    0x2000028c        0x4 c:/program files (x86)/gnu tools arm embedded/6 2017-q2-update/bin/../lib/gcc/arm-none-eabi/6.3.1/thumb/v7e-m/fpv4-sp/hard/crtbegin.o
                0x20000290                PROVIDE (__init_array_end, .)
                0x20000290                . = ALIGN (0x4)
                [!provide]                PROVIDE (__fini_array_start, .)
 *(SORT(.fini_array.*))
 *(.fini_array)
 .fini_array    0x20000290        0x4 c:/program files (x86)/gnu tools arm embedded/6 2017-q2-update/bin/../lib/gcc/arm-none-eabi/6.3.1/thumb/v7e-m/fpv4-sp/hard/crtbegin.o
                [!provide]                PROVIDE (__fini_array_end, .)
 *(.jcr*)
 .jcr           0x20000294        0x0 c:/program files (x86)/gnu tools arm embedded/6 2017-q2-update/bin/../lib/gcc/arm-none-eabi/6.3.1/thumb/v7e-m/fpv4-sp/hard/crtbegin.o
 .jcr           0x20000294        0x4 c:/program files (x86)/gnu tools arm embedded/6 2017-q2-update/bin/../lib/gcc/arm-none-eabi/6.3.1/thumb/v7e-m/fpv4-sp/hard/crtend.o
                0x20000298                . = ALIGN (0x4)
                0x20000298                __data_end__ = .
LOAD c:/program files (x86)/gnu tools arm embedded/6 2017-q2-update/bin/../lib/gcc/arm-none-eabi/6.3.1/thumb/v7e-m/fpv4-sp/hard/crti.o
LOAD c:/program files (x86)/gnu tools arm embedded/6 2017-q2-update/bin/../lib/gcc/arm-none-eabi/6.3.1/thumb/v7e-m/fpv4-sp/hard/crtbegin.o
LOAD c:/program files (x86)/gnu tools arm embedded/6 2017-q2-update/bin/../lib/gcc/arm-none-eabi/6.3.1/../../../../arm-none-eabi/lib/thumb/v7e-m/fpv4-sp/hard/crt0.o
LOAD _build/nrf52832_xxaa/main.c.o
LOAD _build/nrf52832_xxaa/clocks.c.o
LOAD _build/nrf52832_xxaa/mesh.c.o
LOAD _build/nrf52832_xxaa/mesh_cmd.c.o
LOAD _build/nrf52832_xxaa/app_ser.c.o
LOAD _build/nrf52832_xxaa/utils.c.o
LOAD _build/nrf52832_xxaa/boards.c.o
LOAD _build/nrf52832_xxaa/nrf_fprintf.c.o
LOAD _build/nrf52832_xxaa/nrf_fprintf_format.c.o
LOAD _build/nrf52832_xxaa/nrf_atomic.c.o
LOAD _build/nrf52832_xxaa/nrf_balloc.c.o
LOAD _build/nrf52832_xxaa/nrf_memobj.c.o
LOAD _build/nrf52832_xxaa/nrf_log_frontend.c.o
LOAD _build/nrf52832_xxaa/nrf_log_str_formatter.c.o
LOAD _build/nrf52832_xxaa/nrf_log_default_backends.c.o
LOAD _build/nrf52832_xxaa/nrf_log_backend_serial.c.o
LOAD _build/nrf52832_xxaa/nrf_log_backend_uart.c.o
LOAD _build/nrf52832_xxaa/nrf_queue.c.o
LOAD _build/nrf52832_xxaa/nrf_serial.c.o
LOAD _build/nrf52832_xxaa/nrf_strerror.c.o
LOAD _build/nrf52832_xxaa/app_timer.c.o
LOAD _build/nrf52832_xxaa/app_error.c.o
LOAD _build/nrf52832_xxaa/app_error_handler_gcc.c.o
LOAD _build/nrf52832_xxaa/app_error_weak.c.o
LOAD _build/nrf52832_xxaa/app_util_platform.c.o
LOAD _build/nrf52832_xxaa/nrf_assert.c.o
LOAD _build/nrf52832_xxaa/nrf_esb.c.o
LOAD _build/nrf52832_xxaa/nrf_drv_uart.c.o
LOAD _build/nrf52832_xxaa/nrf_drv_twi.c.o
LOAD _build/nrf52832_xxaa/nrf_drv_clock.c.o
LOAD _build/nrf52832_xxaa/system_nrf52.c.o
LOAD _build/nrf52832_xxaa/gcc_startup_nrf52.S.o
LOAD _build/nrf52832_xxaa/nrfx_uart.c.o
LOAD _build/nrf52832_xxaa/nrfx_uarte.c.o
LOAD _build/nrf52832_xxaa/nrfx_twim.c.o
LOAD _build/nrf52832_xxaa/nrfx_clock.c.o
LOAD _build/nrf52832_xxaa/nrfx_rtc.c.o
LOAD _build/nrf52832_xxaa/nrfx_timer.c.o
LOAD _build/nrf52832_xxaa/nrfx_saadc.c.o
LOAD _build/nrf52832_xxaa/nrfx_prs.c.o
LOAD c:/program files (x86)/gnu tools arm embedded/6 2017-q2-update/bin/../lib/gcc/arm-none-eabi/6.3.1/../../../../arm-none-eabi/lib/thumb/v7e-m/fpv4-sp/hard\libc_nano.a
LOAD c:/program files (x86)/gnu tools arm embedded/6 2017-q2-update/bin/../lib/gcc/arm-none-eabi/6.3.1/../../../../arm-none-eabi/lib/thumb/v7e-m/fpv4-sp/hard\libnosys.a
LOAD c:/program files (x86)/gnu tools arm embedded/6 2017-q2-update/bin/../lib/gcc/arm-none-eabi/6.3.1/../../../../arm-none-eabi/lib/thumb/v7e-m/fpv4-sp/hard\libm.a
START GROUP
LOAD c:/program files (x86)/gnu tools arm embedded/6 2017-q2-update/bin/../lib/gcc/arm-none-eabi/6.3.1/thumb/v7e-m/fpv4-sp/hard\libgcc.a
LOAD c:/program files (x86)/gnu tools arm embedded/6 2017-q2-update/bin/../lib/gcc/arm-none-eabi/6.3.1/../../../../arm-none-eabi/lib/thumb/v7e-m/fpv4-sp/hard\libg_nano.a
LOAD c:/program files (x86)/gnu tools arm embedded/6 2017-q2-update/bin/../lib/gcc/arm-none-eabi/6.3.1/../../../../arm-none-eabi/lib/thumb/v7e-m/fpv4-sp/hard\libc_nano.a
END GROUP
START GROUP
LOAD c:/program files (x86)/gnu tools arm embedded/6 2017-q2-update/bin/../lib/gcc/arm-none-eabi/6.3.1/thumb/v7e-m/fpv4-sp/hard\libgcc.a
LOAD c:/program files (x86)/gnu tools arm embedded/6 2017-q2-update/bin/../lib/gcc/arm-none-eabi/6.3.1/../../../../arm-none-eabi/lib/thumb/v7e-m/fpv4-sp/hard\libc_nano.a
END GROUP
LOAD c:/program files (x86)/gnu tools arm embedded/6 2017-q2-update/bin/../lib/gcc/arm-none-eabi/6.3.1/thumb/v7e-m/fpv4-sp/hard/crtend.o
LOAD c:/program files (x86)/gnu tools arm embedded/6 2017-q2-update/bin/../lib/gcc/arm-none-eabi/6.3.1/thumb/v7e-m/fpv4-sp/hard/crtn.o
START GROUP
LOAD c:/program files (x86)/gnu tools arm embedded/6 2017-q2-update/bin/../lib/gcc/arm-none-eabi/6.3.1/thumb/v7e-m/fpv4-sp/hard\libgcc.a
LOAD c:/program files (x86)/gnu tools arm embedded/6 2017-q2-update/bin/../lib/gcc/arm-none-eabi/6.3.1/../../../../arm-none-eabi/lib/thumb/v7e-m/fpv4-sp/hard\libc.a
LOAD c:/program files (x86)/gnu tools arm embedded/6 2017-q2-update/bin/../lib/gcc/arm-none-eabi/6.3.1/../../../../arm-none-eabi/lib/thumb/v7e-m/fpv4-sp/hard\libnosys.a
END GROUP

.igot.plt       0x20000298        0x0 load address 0x0000b74c
 .igot.plt      0x20000298        0x0 c:/program files (x86)/gnu tools arm embedded/6 2017-q2-update/bin/../lib/gcc/arm-none-eabi/6.3.1/thumb/v7e-m/fpv4-sp/hard/crtbegin.o
                0x20000298                . = ALIGN (0x4)

.mem_section_dummy_ram

.log_dynamic_data
                0x20000298        0x0
                [!provide]                PROVIDE (__start_log_dynamic_data, .)
 *(SORT(.log_dynamic_data*))
                [!provide]                PROVIDE (__stop_log_dynamic_data, .)

.bss            0x20000298     0x2778 load address 0x0000b74c
                0x20000298                . = ALIGN (0x4)
                0x20000298                __bss_start__ = .
 *(.bss*)
 .bss           0x20000298       0x1c c:/program files (x86)/gnu tools arm embedded/6 2017-q2-update/bin/../lib/gcc/arm-none-eabi/6.3.1/thumb/v7e-m/fpv4-sp/hard/crtbegin.o
 .bss.uart_rx_size
                0x200002b4        0x4 _build/nrf52832_xxaa/main.c.o
                0x200002b4                uart_rx_size
 .bss.rx_payload
                0x200002b8       0x87 _build/nrf52832_xxaa/mesh.c.o
 *fill*         0x2000033f        0x1 
 .bss.rx_msg    0x20000340        0xc _build/nrf52832_xxaa/mesh.c.o
 .bss.esb_completed
                0x2000034c        0x1 _build/nrf52832_xxaa/mesh.c.o
 .bss.esb_tx_complete
                0x2000034d        0x1 _build/nrf52832_xxaa/mesh.c.o
 *fill*         0x2000034e        0x2 
 .bss.m_app_rf_handler
                0x20000350        0x4 _build/nrf52832_xxaa/mesh.c.o
 .bss.m_app_cmd_handler
                0x20000354        0x4 _build/nrf52832_xxaa/mesh.c.o
 .bss.tx_payload_window
                0x20000358      0x128 _build/nrf52832_xxaa/mesh.c.o
 .bss.m_app_cmd_handler
                0x20000480        0x4 _build/nrf52832_xxaa/mesh_cmd.c.o
 .bss.serial_queues_rxq_nrf_queue_buffer
                0x20000484       0x21 _build/nrf52832_xxaa/app_ser.c.o
 *fill*         0x200004a5        0x3 
 .bss.serial_queues_rxq_nrf_queue_cb
                0x200004a8        0xc _build/nrf52832_xxaa/app_ser.c.o
 .bss.serial_queues_txq_nrf_queue_buffer
                0x200004b4       0x81 _build/nrf52832_xxaa/app_ser.c.o
 *fill*         0x20000535        0x3 
 .bss.serial_queues_txq_nrf_queue_cb
                0x20000538        0xc _build/nrf52832_xxaa/app_ser.c.o
 .bss.serial_buffs_txb
                0x20000544        0xa _build/nrf52832_xxaa/app_ser.c.o
 *fill*         0x2000054e        0x2 
 .bss.serial_buffs_rxb
                0x20000550        0x2 _build/nrf52832_xxaa/app_ser.c.o
 *fill*         0x20000552        0x2 
 .bss.serial_uart_rx_timer_data
                0x20000554       0x20 _build/nrf52832_xxaa/app_ser.c.o
 .bss.serial_uart_tx_timer_data
                0x20000574       0x20 _build/nrf52832_xxaa/app_ser.c.o
 .bss.serial_uart_ctx
                0x20000594       0x10 _build/nrf52832_xxaa/app_ser.c.o
 .bss.m_app_serial_handler
                0x200005a4        0x4 _build/nrf52832_xxaa/app_ser.c.o
 .bss.uart_cmd  0x200005a8       0x80 _build/nrf52832_xxaa/app_ser.c.o
 .bss.uart_cmd_count
                0x20000628        0x1 _build/nrf52832_xxaa/app_ser.c.o
 *fill*         0x20000629        0x3 
 .bss.ser_evt_tx_count
                0x2000062c        0x4 _build/nrf52832_xxaa/app_ser.c.o
                0x2000062c                ser_evt_tx_count
 .bss.ser_evt_rx_count
                0x20000630        0x4 _build/nrf52832_xxaa/app_ser.c.o
                0x20000630                ser_evt_rx_count
 .bss.ser_evt_drv_err_count
                0x20000634        0x4 _build/nrf52832_xxaa/app_ser.c.o
                0x20000634                ser_evt_drv_err_count
 .bss.ser_evt_fifo_err_count
                0x20000638        0x4 _build/nrf52832_xxaa/app_ser.c.o
                0x20000638                ser_evt_fifo_err_count
 .bss.ser_tx_err_count
                0x2000063c        0x4 _build/nrf52832_xxaa/app_ser.c.o
                0x2000063c                ser_tx_err_count
 .bss.m_op_queue
                0x20000640      0x10c _build/nrf52832_xxaa/app_timer.c.o
 .bss.mp_timer_id_head
                0x2000074c        0x4 _build/nrf52832_xxaa/app_timer.c.o
 .bss.m_ticks_latest
                0x20000750        0x4 _build/nrf52832_xxaa/app_timer.c.o
 .bss.m_ticks_elapsed
                0x20000754        0x8 _build/nrf52832_xxaa/app_timer.c.o
 .bss.m_ticks_elapsed_q_read_ind
                0x2000075c        0x1 _build/nrf52832_xxaa/app_timer.c.o
 .bss.m_ticks_elapsed_q_write_ind
                0x2000075d        0x1 _build/nrf52832_xxaa/app_timer.c.o
 .bss.m_rtc1_running
                0x2000075e        0x1 _build/nrf52832_xxaa/app_timer.c.o
 .bss.m_rtc1_reset
                0x2000075f        0x1 _build/nrf52832_xxaa/app_timer.c.o
 .bss.m_in_critical_region
                0x20000760        0x4 _build/nrf52832_xxaa/app_util_platform.c.o
 .bss.m_esb_initialized
                0x20000764        0x1 _build/nrf52832_xxaa/nrf_esb.c.o
 .bss.m_nrf_esb_mainstate
                0x20000765        0x1 _build/nrf52832_xxaa/nrf_esb.c.o
 *fill*         0x20000766        0x2 
 .bss.mp_current_payload
                0x20000768        0x4 _build/nrf52832_xxaa/nrf_esb.c.o
 .bss.m_event_handler
                0x2000076c        0x4 _build/nrf52832_xxaa/nrf_esb.c.o
 .bss.m_config_local
                0x20000770       0x18 _build/nrf52832_xxaa/nrf_esb.c.o
 .bss.m_tx_fifo_payload
                0x20000788      0x438 _build/nrf52832_xxaa/nrf_esb.c.o
 .bss.m_tx_fifo
                0x20000bc0       0x2c _build/nrf52832_xxaa/nrf_esb.c.o
 .bss.m_rx_fifo_payload
                0x20000bec     0x1a5e _build/nrf52832_xxaa/nrf_esb.c.o
 *fill*         0x2000264a        0x2 
 .bss.m_rx_fifo
                0x2000264c       0xd4 _build/nrf52832_xxaa/nrf_esb.c.o
 .bss.m_tx_payload_buffer
                0x20002720       0x84 _build/nrf52832_xxaa/nrf_esb.c.o
 .bss.m_rx_payload_buffer
                0x200027a4       0x84 _build/nrf52832_xxaa/nrf_esb.c.o
 .bss.m_interrupt_flags
                0x20002828        0x4 _build/nrf52832_xxaa/nrf_esb.c.o
 .bss.m_last_tx_attempts
                0x2000282c        0x4 _build/nrf52832_xxaa/nrf_esb.c.o
 .bss.m_wait_for_ack_timeout_us
                0x20002830        0x4 _build/nrf52832_xxaa/nrf_esb.c.o
 .bss.on_radio_disabled
                0x20002834        0x4 _build/nrf52832_xxaa/nrf_esb.c.o
 .bss.on_radio_end
                0x20002838        0x4 _build/nrf52832_xxaa/nrf_esb.c.o
 .bss.m_handlers
                0x2000283c        0x4 _build/nrf52832_xxaa/nrf_drv_uart.c.o
 .bss.m_contexts
                0x20002840        0x4 _build/nrf52832_xxaa/nrf_drv_uart.c.o
 .bss.m_clock_cb
                0x20002844       0x14 _build/nrf52832_xxaa/nrf_drv_clock.c.o
 .bss.m_cb      0x20002858       0x2c _build/nrf52832_xxaa/nrfx_uart.c.o
 .bss.m_cb      0x20002884       0x24 _build/nrf52832_xxaa/nrfx_uarte.c.o
 .bss.m_clock_cb
                0x200028a8        0x8 _build/nrf52832_xxaa/nrfx_clock.c.o
 .bss.m_handlers
                0x200028b0        0x4 _build/nrf52832_xxaa/nrfx_rtc.c.o
 .bss.m_cb      0x200028b4        0xc _build/nrf52832_xxaa/nrfx_timer.c.o
 .bss.m_cb      0x200028c0       0x30 _build/nrf52832_xxaa/nrfx_saadc.c.o
 .bss.m_prs_box_4
                0x200028f0        0x8 _build/nrf52832_xxaa/nrfx_prs.c.o
 .bss.__malloc_free_list
                0x200028f8        0x4 c:/program files (x86)/gnu tools arm embedded/6 2017-q2-update/bin/../lib/gcc/arm-none-eabi/6.3.1/../../../../arm-none-eabi/lib/thumb/v7e-m/fpv4-sp/hard\libc_nano.a(lib_a-nano-mallocr.o)
                0x200028f8                __malloc_free_list
 .bss.__malloc_sbrk_start
                0x200028fc        0x4 c:/program files (x86)/gnu tools arm embedded/6 2017-q2-update/bin/../lib/gcc/arm-none-eabi/6.3.1/../../../../arm-none-eabi/lib/thumb/v7e-m/fpv4-sp/hard\libc_nano.a(lib_a-nano-mallocr.o)
                0x200028fc                __malloc_sbrk_start
 .bss.heap_end.5239
                0x20002900        0x4 c:/program files (x86)/gnu tools arm embedded/6 2017-q2-update/bin/../lib/gcc/arm-none-eabi/6.3.1/../../../../arm-none-eabi/lib/thumb/v7e-m/fpv4-sp/hard\libnosys.a(sbrk.o)
 *(COMMON)
 COMMON         0x20002904      0x100 _build/nrf52832_xxaa/main.c.o
                0x20002904                rf_message
                0x20002984                uart_message
                0x200029c4                rtc_message
 COMMON         0x20002a04        0x4 _build/nrf52832_xxaa/app_ser.c.o
                0x20002a04                rf_message_mtx
 COMMON         0x20002a08        0x1 _build/nrf52832_xxaa/nrf_drv_uart.c.o
                0x20002a08                nrf_drv_uart_use_easy_dma
 *fill*         0x20002a09        0x3 
 COMMON         0x20002a0c        0x4 c:/program files (x86)/gnu tools arm embedded/6 2017-q2-update/bin/../lib/gcc/arm-none-eabi/6.3.1/../../../../arm-none-eabi/lib/thumb/v7e-m/fpv4-sp/hard\libc_nano.a(lib_a-reent.o)
                0x20002a0c                errno
                0x20002a10                . = ALIGN (0x4)
                0x20002a10                __bss_end__ = .

.heap           0x20002a10     0x2000
                0x20002a10                __HeapBase = .
                0x20002a10                __end__ = .
                0x20002a10                PROVIDE (end, .)
 *(.heap*)
 .heap          0x20002a10     0x2000 _build/nrf52832_xxaa/gcc_startup_nrf52.S.o
                0x20004a10                __HeapLimit = .

.stack_dummy    0x20002a10     0x2000
 *(.stack*)
 .stack         0x20002a10     0x2000 _build/nrf52832_xxaa/gcc_startup_nrf52.S.o
                0x20010000                __StackTop = (ORIGIN (RAM) + LENGTH (RAM))
                0x2000e000                __StackLimit = (__StackTop - SIZEOF (.stack_dummy))
                0x20010000                PROVIDE (__stack, __StackTop)
                0x00000001                ASSERT ((__StackLimit >= __HeapLimit), region RAM overflowed with stack)
                0x00000298                DataInitFlashUsed = (__bss_start__ - __data_start__)
                0x0000b4b4                CodeFlashUsed = (__etext - ORIGIN (FLASH))
                0x0000b74c                TotalFlashUsed = (CodeFlashUsed + DataInitFlashUsed)
                0x00000001                ASSERT ((TotalFlashUsed <= LENGTH (FLASH)), region FLASH overflowed with .data and user data)
OUTPUT(_build/nrf52832_xxaa.out elf32-littlearm)

.ARM.attributes
                0x00000000       0x30
 .ARM.attributes
                0x00000000       0x22 c:/program files (x86)/gnu tools arm embedded/6 2017-q2-update/bin/../lib/gcc/arm-none-eabi/6.3.1/thumb/v7e-m/fpv4-sp/hard/crti.o
 .ARM.attributes
                0x00000022       0x34 c:/program files (x86)/gnu tools arm embedded/6 2017-q2-update/bin/../lib/gcc/arm-none-eabi/6.3.1/thumb/v7e-m/fpv4-sp/hard/crtbegin.o
 .ARM.attributes
                0x00000056       0x20 c:/program files (x86)/gnu tools arm embedded/6 2017-q2-update/bin/../lib/gcc/arm-none-eabi/6.3.1/../../../../arm-none-eabi/lib/thumb/v7e-m/fpv4-sp/hard/crt0.o
 .ARM.attributes
                0x00000076       0x39 _build/nrf52832_xxaa/main.c.o
 .ARM.attributes
                0x000000af       0x39 _build/nrf52832_xxaa/clocks.c.o
 .ARM.attributes
                0x000000e8       0x39 _build/nrf52832_xxaa/mesh.c.o
 .ARM.attributes
                0x00000121       0x39 _build/nrf52832_xxaa/mesh_cmd.c.o
 .ARM.attributes
                0x0000015a       0x39 _build/nrf52832_xxaa/app_ser.c.o
 .ARM.attributes
                0x00000193       0x39 _build/nrf52832_xxaa/utils.c.o
 .ARM.attributes
                0x000001cc       0x39 _build/nrf52832_xxaa/nrf_atomic.c.o
 .ARM.attributes
                0x00000205       0x39 _build/nrf52832_xxaa/nrf_queue.c.o
 .ARM.attributes
                0x0000023e       0x39 _build/nrf52832_xxaa/nrf_serial.c.o
 .ARM.attributes
                0x00000277       0x39 _build/nrf52832_xxaa/app_timer.c.o
 .ARM.attributes
                0x000002b0       0x39 _build/nrf52832_xxaa/app_error.c.o
 .ARM.attributes
                0x000002e9       0x39 _build/nrf52832_xxaa/app_error_weak.c.o
 .ARM.attributes
                0x00000322       0x39 _build/nrf52832_xxaa/app_util_platform.c.o
 .ARM.attributes
                0x0000035b       0x39 _build/nrf52832_xxaa/nrf_esb.c.o
 .ARM.attributes
                0x00000394       0x39 _build/nrf52832_xxaa/nrf_drv_uart.c.o
 .ARM.attributes
                0x000003cd       0x39 _build/nrf52832_xxaa/nrf_drv_clock.c.o
 .ARM.attributes
                0x00000406       0x39 _build/nrf52832_xxaa/system_nrf52.c.o
 .ARM.attributes
                0x0000043f       0x20 _build/nrf52832_xxaa/gcc_startup_nrf52.S.o
 .ARM.attributes
                0x0000045f       0x39 _build/nrf52832_xxaa/nrfx_uart.c.o
 .ARM.attributes
                0x00000498       0x39 _build/nrf52832_xxaa/nrfx_uarte.c.o
 .ARM.attributes
                0x000004d1       0x39 _build/nrf52832_xxaa/nrfx_clock.c.o
 .ARM.attributes
                0x0000050a       0x39 _build/nrf52832_xxaa/nrfx_rtc.c.o
 .ARM.attributes
                0x00000543       0x39 _build/nrf52832_xxaa/nrfx_timer.c.o
 .ARM.attributes
                0x0000057c       0x39 _build/nrf52832_xxaa/nrfx_saadc.c.o
 .ARM.attributes
                0x000005b5       0x39 _build/nrf52832_xxaa/nrfx_prs.c.o
 .ARM.attributes
                0x000005ee       0x34 c:/program files (x86)/gnu tools arm embedded/6 2017-q2-update/bin/../lib/gcc/arm-none-eabi/6.3.1/../../../../arm-none-eabi/lib/thumb/v7e-m/fpv4-sp/hard\libc_nano.a(lib_a-exit.o)
 .ARM.attributes
                0x00000622       0x34 c:/program files (x86)/gnu tools arm embedded/6 2017-q2-update/bin/../lib/gcc/arm-none-eabi/6.3.1/../../../../arm-none-eabi/lib/thumb/v7e-m/fpv4-sp/hard\libc_nano.a(lib_a-impure.o)
 .ARM.attributes
                0x00000656       0x34 c:/program files (x86)/gnu tools arm embedded/6 2017-q2-update/bin/../lib/gcc/arm-none-eabi/6.3.1/../../../../arm-none-eabi/lib/thumb/v7e-m/fpv4-sp/hard\libc_nano.a(lib_a-init.o)
 .ARM.attributes
                0x0000068a       0x34 c:/program files (x86)/gnu tools arm embedded/6 2017-q2-update/bin/../lib/gcc/arm-none-eabi/6.3.1/../../../../arm-none-eabi/lib/thumb/v7e-m/fpv4-sp/hard\libc_nano.a(lib_a-memcpy-stub.o)
 .ARM.attributes
                0x000006be       0x34 c:/program files (x86)/gnu tools arm embedded/6 2017-q2-update/bin/../lib/gcc/arm-none-eabi/6.3.1/../../../../arm-none-eabi/lib/thumb/v7e-m/fpv4-sp/hard\libc_nano.a(lib_a-memset.o)
 .ARM.attributes
                0x000006f2       0x34 c:/program files (x86)/gnu tools arm embedded/6 2017-q2-update/bin/../lib/gcc/arm-none-eabi/6.3.1/../../../../arm-none-eabi/lib/thumb/v7e-m/fpv4-sp/hard\libc_nano.a(lib_a-nano-vfprintf_float.o)
 .ARM.attributes
                0x00000726       0x34 c:/program files (x86)/gnu tools arm embedded/6 2017-q2-update/bin/../lib/gcc/arm-none-eabi/6.3.1/../../../../arm-none-eabi/lib/thumb/v7e-m/fpv4-sp/hard\libc_nano.a(lib_a-nano-vfprintf_i.o)
 .ARM.attributes
                0x0000075a       0x34 c:/program files (x86)/gnu tools arm embedded/6 2017-q2-update/bin/../lib/gcc/arm-none-eabi/6.3.1/../../../../arm-none-eabi/lib/thumb/v7e-m/fpv4-sp/hard\libc_nano.a(lib_a-sprintf.o)
 .ARM.attributes
                0x0000078e       0x1b c:/program files (x86)/gnu tools arm embedded/6 2017-q2-update/bin/../lib/gcc/arm-none-eabi/6.3.1/../../../../arm-none-eabi/lib/thumb/v7e-m/fpv4-sp/hard\libc_nano.a(lib_a-strlen.o)
 .ARM.attributes
                0x000007a9       0x34 c:/program files (x86)/gnu tools arm embedded/6 2017-q2-update/bin/../lib/gcc/arm-none-eabi/6.3.1/../../../../arm-none-eabi/lib/thumb/v7e-m/fpv4-sp/hard\libc_nano.a(lib_a-dtoa.o)
 .ARM.attributes
                0x000007dd       0x34 c:/program files (x86)/gnu tools arm embedded/6 2017-q2-update/bin/../lib/gcc/arm-none-eabi/6.3.1/../../../../arm-none-eabi/lib/thumb/v7e-m/fpv4-sp/hard\libc_nano.a(lib_a-localeconv.o)
 .ARM.attributes
                0x00000811       0x34 c:/program files (x86)/gnu tools arm embedded/6 2017-q2-update/bin/../lib/gcc/arm-none-eabi/6.3.1/../../../../arm-none-eabi/lib/thumb/v7e-m/fpv4-sp/hard\libc_nano.a(lib_a-malloc.o)
 .ARM.attributes
                0x00000845       0x20 c:/program files (x86)/gnu tools arm embedded/6 2017-q2-update/bin/../lib/gcc/arm-none-eabi/6.3.1/../../../../arm-none-eabi/lib/thumb/v7e-m/fpv4-sp/hard\libc_nano.a(lib_a-memchr.o)
 .ARM.attributes
                0x00000865       0x34 c:/program files (x86)/gnu tools arm embedded/6 2017-q2-update/bin/../lib/gcc/arm-none-eabi/6.3.1/../../../../arm-none-eabi/lib/thumb/v7e-m/fpv4-sp/hard\libc_nano.a(lib_a-mprec.o)
 .ARM.attributes
                0x00000899       0x34 c:/program files (x86)/gnu tools arm embedded/6 2017-q2-update/bin/../lib/gcc/arm-none-eabi/6.3.1/../../../../arm-none-eabi/lib/thumb/v7e-m/fpv4-sp/hard\libc_nano.a(lib_a-nano-callocr.o)
 .ARM.attributes
                0x000008cd       0x34 c:/program files (x86)/gnu tools arm embedded/6 2017-q2-update/bin/../lib/gcc/arm-none-eabi/6.3.1/../../../../arm-none-eabi/lib/thumb/v7e-m/fpv4-sp/hard\libc_nano.a(lib_a-nano-freer.o)
 .ARM.attributes
                0x00000901       0x34 c:/program files (x86)/gnu tools arm embedded/6 2017-q2-update/bin/../lib/gcc/arm-none-eabi/6.3.1/../../../../arm-none-eabi/lib/thumb/v7e-m/fpv4-sp/hard\libc_nano.a(lib_a-nano-mallocr.o)
 .ARM.attributes
                0x00000935       0x34 c:/program files (x86)/gnu tools arm embedded/6 2017-q2-update/bin/../lib/gcc/arm-none-eabi/6.3.1/../../../../arm-none-eabi/lib/thumb/v7e-m/fpv4-sp/hard\libc_nano.a(lib_a-nano-svfprintf.o)
 .ARM.attributes
                0x00000969       0x34 c:/program files (x86)/gnu tools arm embedded/6 2017-q2-update/bin/../lib/gcc/arm-none-eabi/6.3.1/../../../../arm-none-eabi/lib/thumb/v7e-m/fpv4-sp/hard\libc_nano.a(lib_a-sbrkr.o)
 .ARM.attributes